Lsun/io/ByteToCharCp500
Lsun/io/ByteToCharSingleByte
Lsun/nio/cs/ext/IBM500
Ljava/lang/String
Lsun/io/ByteToCharConverter
[C
[B
Lsun/io/UnknownCharacterException
Lsun/io/ConversionBufferFullException
Ljava/lang/Object
Lsun/io/Converters
Ljava/lang/System
Ljava/lang/InternalError
Ljava/lang/Throwable
Ljava/lang/IllegalArgumentException
Ljava/lang/StringBuilder
Ljava/lang/Class
Ljava/lang/Integer
Ljava/lang/ProcessEnvironment$StringValues
Ljava/util/Collection
Ljava/util/AbstractCollection
Ljava/lang/ProcessEnvironment$StringValues$1
Ljava/lang/ProcessEnvironment$Value
Ljava/util/Iterator
[Ljava/lang/Object
Ljava/util/Arrays
Ljava/lang/reflect/Array
Ljava/lang/OutOfMemoryError
Ljava/lang/UnsupportedOperationException
Ljava/lang/SecurityException
Ljava/lang/RuntimeException
Ljava/lang/Exception
Ljava/lang/IllegalStateException
Ljava/io/PrintStream
Ljava/lang/StackTraceElement
[Ljava/lang/StackTraceElement
Ljava/io/PrintWriter
Ljava/lang/NullPointerException
Ljava/io/ObjectOutputStream
Ljava/net/HttpCookie$6
Ljava/net/HttpCookie
Lsun/net/spi/nameservice/NameService
Lsun/io/CharToByteASCII
Lsun/io/CharToByteConverter
Lsun/io/MalformedInputException
Ljava/lang/Error
Ljava/io/CharConversionException
Lsun/text/normalizer/NormalizerImpl$NormTrieImpl
Ljava/lang/ref/ReferenceQueue$Lock
Ljava/lang/ref/ReferenceQueue$1
Lsun/text/CollatorUtilities
Lsun/text/normalizer/NormalizerBase$Mode
[Lsun/text/normalizer/NormalizerBase$Mode
Ljava/lang/ArrayIndexOutOfBoundsException
Lsun/io/CharToByteEUC
[S
Lsun/io/CharToByteGB18030
Lsun/nio/cs/ext/GB18030
[Ljava/lang/String
Lsun/io/CharToByteSJIS
Lsun/io/CharToByteJIS0208
Lsun/io/CharToByteJIS0201
Lsun/io/CharToByteDoubleByte
Lsun/nio/cs/ext/JIS_X_0208_Encoder
Ljava/util/Queue
Ljava/lang/Iterable
Ljava/lang/ref/ReferenceQueue$Null
Ljava/lang/ref/ReferenceQueue
Ljava/lang/ref/Reference
Lsun/misc/VM
Ljava/io/ObjectStreamClass$2
Ljava/io/ObjectStreamClass
Ljava/lang/Long
Ljava/io/ObjectStreamField
[Ljava/io/ObjectStreamField
Ljava/io/InvalidClassException
Ljava/lang/reflect/Constructor
[Ljava/lang/Class
Ljava/lang/reflect/Method
Lethz/util/Generator
Ljava/util/Vector
Ljava/util/TreeMap
Lethz/util/SystemProperties
Lethz/util/Messages
Ljava/io/File
Ljava/io/FileReader
Ljava/io/Reader
Ljava/util/Hashtable
Ljava/io/StringWriter
Ljava/io/FileWriter
Ljava/io/Writer
Ljava/io/OutputStream
Ljava/io/CharArrayWriter
Ljava/net/InetAddress$Cache
Ljava/net/InetAddress$Cache$Type
Ljava/util/LinkedHashMap
Lsun/net/InetAddressCachePolicy
Ljava/util/LinkedList
Ljava/util/Set
Ljava/net/InetAddress$CacheEntry
Lsun/io/ByteToCharCp33722
Lsun/nio/cs/ext/IBM33722
Lsun/io/CharToByteCp856
Lsun/io/CharToByteSingleByte
Lsun/nio/cs/ext/IBM856
Lsun/io/ByteToCharMacCentralEurope
Lsun/nio/cs/ext/MacCentralEurope
Lsun/io/ByteToCharCp863
Lsun/nio/cs/ext/IBM863
Ljava/text/AttributedString$AttributeMap
Ljava/text/AttributedString
Ljava/util/AbstractMap
Ljava/util/HashSet
[Ljava/util/Vector
Ljava/text/AttributedCharacterIterator$Attribute
Ljava/text/AttributeEntry
Ljava/util/Map$Entry
Ljava/util/Map
Ljava/util/AbstractMap$1
Ljava/util/AbstractMap$2
Ljava/lang/ClassCastException
Lsun/text/resources/FormatData_sr
Ljava/util/ListResourceBundle
[[Ljava/lang/Object
Ljava/util/ResourceBundle
Lsun/util/ResourceBundleEnumeration
Ljava/util/Enumeration
Ljava/util/HashMap
Ljava/util/MissingResourceException
Ljava/util/Locale
Ljava/lang/ClassLoader
Ljava/util/ResourceBundle$RBClassLoader
Ljava/lang/AssertionError
Ljava/util/ResourceBundle$Control
Ljava/util/ResourceBundle$CacheKey
Ljava/util/concurrent/ConcurrentMap
Ljava/util/ResourceBundle$BundleReference
Ljava/util/List
Ljava/util/ResourceBundle$CacheKeyReference
Ljava/lang/Thread
Ljava/lang/LinkageError
Ljava/util/ResourceBundle$1
Ljava/util/concurrent/ConcurrentHashMap
Ljava/util/concurrent/locks/ReentrantReadWriteLock$ReadLock
Ljava/util/concurrent/locks/ReentrantReadWriteLock
Ljava/util/concurrent/locks/ReentrantReadWriteLock$Sync
Ljava/util/concurrent/TimeUnit
Lsun/io/ByteToCharMS936
Lsun/io/ByteToCharDoubleByte
Lsun/nio/cs/ext/MS936
Lsun/io/CharToByteCp874
Lsun/nio/cs/IBM874
Lregexp/State
[I
Lregexp/NoSuchMatchException
[Ljava/util/concurrent/TimeUnit
Ljava/lang/Enum
Ljava/lang/AbstractMethodError
Ljava/util/concurrent/TimeUnit$1
Ljava/util/concurrent/TimeUnit$2
Ljava/util/concurrent/TimeUnit$3
Ljava/util/concurrent/TimeUnit$4
Ljava/util/concurrent/TimeUnit$5
Ljava/util/concurrent/TimeUnit$6
Ljava/util/concurrent/TimeUnit$7
Ljava/lang/CloneNotSupportedException
Ljava/io/ObjectInputStream
Ljava/io/InvalidObjectException
Ljava/util/concurrent/locks/ReentrantLock$NonfairSync
Ljava/util/concurrent/locks/ReentrantLock$Sync
Ljava/util/concurrent/locks/AbstractQueuedSynchronizer
Ljava/lang/IllegalMonitorStateException
Ljava/util/concurrent/locks/AbstractQueuedSynchronizer$ConditionObject
Ljava/util/concurrent/locks/AbstractOwnableSynchronizer
Lsun/misc/Unsafe
Ljava/util/concurrent/locks/AbstractQueuedSynchronizer$Node
Ljava/util/concurrent/locks/LockSupport
Ljava/lang/InterruptedException
Ljava/util/ArrayList
Ljava/lang/reflect/Field
Ljava/util/prefs/XmlSupport$EH
Lorg/xml/sax/SAXParseException
Ljava/util/prefs/XmlSupport$1
Lsun/text/resources/FormatData_lv
Ljava/lang/SecurityManager
Ljava/lang/RuntimePermission
Ljava/lang/IllegalAccessException
Ljava/lang/Class$1
Ljava/security/AccessController
Ljava/lang/InstantiationException
Lsun/reflect/Reflection
Ljava/lang/reflect/InvocationTargetException
Ljava/lang/NoSuchMethodException
Lsun/reflect/generics/repository/ClassRepository
Ljava/lang/reflect/TypeVariable
[Ljava/lang/reflect/TypeVariable
Ljava/lang/reflect/Type
Ljava/lang/Package
[Ljava/lang/reflect/Type
Ljava/lang/Class$EnclosingMethodInfo
Lsun/reflect/generics/factory/GenericsFactory
Lsun/reflect/generics/repository/MethodRepository
[Ljava/lang/reflect/Method
Ljava/lang/reflect/GenericArrayType
Lsun/reflect/generics/repository/ConstructorRepository
[Ljava/lang/reflect/Constructor
Ljava/lang/IndexOutOfBoundsException
Ljava/lang/Class$2
[Ljava/lang/reflect/Field
Ljava/lang/NoSuchFieldException
Ljava/io/InputStream
Ljava/net/URL
Ljava/security/ProtectionDomain
Ljava/security/Permissions
Ljava/security/AllPermission
Lsun/reflect/generics/scope/ClassScope
Lsun/reflect/generics/factory/CoreReflectionFactory
Ljava/lang/ref/SoftReference
Ljava/lang/Class$MethodArray
Ljava/lang/reflect/Modifier
Lsun/reflect/ReflectionFactory
Lsun/reflect/ReflectionFactory$GetReflectionFactoryAction
Ljava/lang/Class$3
Ljava/lang/Class$4
Ljava/lang/annotation/Annotation
[Ljava/lang/annotation/Annotation
Lsun/reflect/annotation/AnnotationParser
Lsun/reflect/ConstantPool
Lsun/reflect/annotation/AnnotationType
Ljava/text/Normalizer$Form
[Ljava/text/Normalizer$Form
Lsun/text/resources/FormatData_bg
Ljava/io/SequenceInputStream
Ljava/io/IOException
Ljava/lang/Math
Ljava/util/ArrayDeque$1
Ljava/net/Authenticator$RequestorType
[Ljava/net/Authenticator$RequestorType
Ljava/util/concurrent/Semaphore$Sync
Lsun/net/www/protocol/mailto/MailToURLConnection
Lsun/net/www/URLConnection
Lsun/net/www/MessageHeader
Ljava/net/InetAddress
Ljava/net/UnknownHostException
Lsun/net/smtp/SmtpClient
Lsun/net/www/ParseUtil
Ljava/security/Permission
Ljava/net/SocketPermission
Ljava/net/URLConnection
Ljava/lang/IllegalAccessError
Ljava/net/FileNameMap
Lsun/net/www/MimeTable
Ljava/net/URLConnection$1
Ljava/util/Date
Ljava/net/ContentHandler
Ljava/net/UnknownServiceException
Ljava/net/ContentHandlerFactory
Ljava/util/StringTokenizer
Ljava/lang/ClassNotFoundException
Lsun/security/action/GetPropertyAction
Ljava/net/UnknownContentHandler
Lsun/text/resources/FormatData_pt_PT
Lsun/net/ftp/FtpClient$1
Ljava/lang/Boolean
Ljava/util/jar/JarException
Ljava/util/zip/ZipException
Lsun/net/www/protocol/http/NegotiateAuthentication
Ljava/net/PasswordAuthentication
Lsun/net/www/protocol/http/AuthenticationInfo
Lsun/net/www/protocol/http/Negotiator
Lsun/net/www/protocol/http/HttpURLConnection
Lsun/net/www/HeaderParser
Lsun/misc/BASE64Decoder
Lsun/net/www/protocol/http/NegotiateAuthentication$B64Encoder
Lsun/net/www/protocol/http/AuthCacheValue$Type
Lsun/net/www/protocol/http/AuthCacheValue
Lsun/net/www/protocol/http/AuthCache
Lsun/security/action/GetBooleanAction
Lsun/net/www/protocol/http/AuthCacheImpl
Lsun/net/www/content/audio/aiff
Lsun/applet/AppletAudioClip
Ljava/util/regex/Pattern$CharPropertyNames$6
Ljava/util/regex/Pattern$CharPropertyNames$CloneableProperty
Ljava/lang/Character
Ljava/util/regex/Pattern$CharProperty
Ljava/util/regex/Pattern$1
Ljava/util/regex/Pattern$Node
Ljava/util/regex/Pattern$CharProperty$1
Ljava/util/regex/Matcher
Ljava/lang/CharSequence
Ljava/util/regex/Pattern$TreeInfo
Ljava/util/concurrent/atomic/AtomicLong
Ljava/lang/Number
Lsun/io/CharToByteEUC_TW
Lsun/nio/cs/ext/EUC_TW
Ljava/util/AbstractQueue
Ljava/util/NoSuchElementException
Ljava/lang/annotation/IncompleteAnnotationException
Lsun/text/normalizer/Replaceable
Ljava/util/regex/Pattern$Curly
Ljava/lang/ClassCircularityError
Ljava/util/logging/LogRecord
Ljava/util/logging/Level
Ljava/lang/ThreadLocal
Lsun/text/resources/FormatData_lt
Ljava/util/Stack
Ljava/util/EmptyStackException
Ljava/util/AbstractList
Ljava/util/Vector$1
Ljava/util/Collections
Ljava/util/ListIterator
Ljava/util/AbstractList$Itr
Ljava/util/AbstractList$ListItr
Ljava/util/RandomAccessSubList
Ljava/util/SubList
Ljava/util/concurrent/atomic/AtomicLongArray
[J
Ljava/util/regex/Pattern$SliceNode
Lsun/net/www/protocol/http/NTLMAuthentication
Lsun/net/www/protocol/http/NTLMAuthentication$2
Ljavax/crypto/SecretKeyFactory
Ljavax/crypto/Cipher
Ljava/security/MessageDigest
Lsun/security/provider/MD4
Ljavax/crypto/NoSuchPaddingException
Ljava/security/NoSuchAlgorithmException
Ljava/security/GeneralSecurityException
Ljava/io/UnsupportedEncodingException
Lsun/net/www/protocol/http/B64Encoder
Ljavax/crypto/spec/DESKeySpec
Ljavax/crypto/SecretKey
Lsun/net/www/protocol/http/NTLMAuthentication$1
Ljava/io/ObjectOutputStream$PutField
Ljava/io/ObjectOutput
Ljava/util/Collections$UnmodifiableSet
Ljava/util/Collections$UnmodifiableCollection
Ljava/util/Collections$UnmodifiableCollection$1
Ljava/io/NotSerializableException
Ljava/io/ObjectStreamException
Ljava/lang/CharacterDataUndefined
Ljava/util/TimerTask
Lsun/io/ByteToCharCp869
Lsun/nio/cs/ext/IBM869
Lsun/net/httpserver/StreamClosedException
Ljava/util/concurrent/Executors$PrivilegedCallable
Ljava/util/concurrent/Callable
Ljava/security/AccessControlContext
Ljava/util/concurrent/Executors$PrivilegedCallable$1
Lsun/text/normalizer/RangeValueIterator$Element
Ljava/util/logging/FileHandler$InitializationErrorManager
Ljava/util/logging/ErrorManager
Ljava/util/logging/FileHandler$1
Ljava/util/Hashtable$EntrySet
Ljava/util/AbstractSet
Ljava/util/Hashtable$Entry
[Ljava/util/Hashtable$Entry
Ljava/util/Hashtable$1
Ljava/util/regex/Pattern$UnixDollar
Ljava/util/concurrent/CopyOnWriteArrayList$COWSubListIterator
Ljava/util/concurrent/CopyOnWriteArrayList$1
Lsun/text/resources/CollationData_lt
Lsun/text/resources/FormatData_de_AT
Lsun/io/CharToByteCp1123
Lsun/nio/cs/ext/IBM1123
Ljava/text/DateFormat$Field
[Ljava/text/DateFormat$Field
Ljava/text/Format$Field
Ljava/lang/AbstractStringBuilder
Ljava/lang/StringIndexOutOfBoundsException
Ljava/lang/StringBuffer
Lsun/misc/FloatingDecimal
Lsun/net/www/http/KeepAliveKey
Ljava/net/SecureCacheResponse
Ljava/net/CacheResponse
Ljava/util/concurrent/locks/ReentrantReadWriteLock$Sync$ThreadLocalHoldCounter
Ljava/util/concurrent/locks/ReentrantReadWriteLock$Sync$HoldCounter
Ljava/util/TreeMap$BoundedEntryIterator
Ljava/util/TreeMap$Node
Ljava/util/TreeMap$BoundedMapIterator
Ljava/util/TreeMap$Entry
Ljava/util/TreeMap$AbstractMapIterator
Ljava/util/ConcurrentModificationException
Ljava/text/DecimalFormatSymbols
Lsun/util/LocaleServiceProviderPool
[Ljava/util/Locale
Ljava/text/DecimalFormatSymbols$DecimalFormatSymbolsGetter
Ljava/util/Currency
Lsun/util/resources/LocaleData
Ljava/lang/ThreadDeath
Ljava/util/regex/Pattern$CIBackRef
Ljava/util/regex/ASCII
Lsun/net/www/protocol/http/HttpURLConnection$HttpInputStream
Ljava/io/FilterInputStream
Ljava/net/CacheRequest
Ljava/util/concurrent/ScheduledFuture
Ljava/util/concurrent/Delayed
Ljava/lang/Comparable
Ljava/util/concurrent/Future
Ljava/util/prefs/FileSystemPreferences$5$1
Ljava/util/prefs/FileSystemPreferences$5
Ljava/util/Timer
Ljava/util/prefs/FileSystemPreferences
Lsun/nio/ch/Interruptible
Ljava/lang/ThreadGroup
Ljava/lang/Runnable
Ljava/lang/ThreadLocal$ThreadLocalMap
Ljava/lang/IllegalThreadStateException
Ljava/lang/NoSuchMethodError
[Ljava/lang/Thread
[[Ljava/lang/StackTraceElement
Lsun/misc/SoftCache
Ljava/lang/Thread$1
Ljava/lang/Thread$State
Ljava/lang/Thread$UncaughtExceptionHandler
Ljava/util/concurrent/ThreadPoolExecutor$CallerRunsPolicy
Ljava/util/concurrent/ThreadPoolExecutor
Ljava/lang/annotation/Inherited
Lsun/io/ByteToCharUnicodeLittleUnmarked
Lsun/io/ByteToCharUnicode
Ljava/util/regex/Pattern$SliceIS
Ljava/util/JumboEnumSet$EnumSetIterator
Ljava/util/JumboEnumSet
[Ljava/lang/Enum
Lsun/net/dns/OptionsImpl
Lsun/net/dns/ResolverConfiguration$Options
Lsun/net/www/content/audio/x_wav
Ljava/util/concurrent/ConcurrentSkipListMap$SubMap$SubMapIter
Ljava/util/concurrent/ConcurrentSkipListMap$SubMap
Ljava/util/concurrent/ConcurrentSkipListMap$Node
Ljava/util/concurrent/ConcurrentSkipListMap
Lsun/io/CharToByteCp273
Lsun/nio/cs/ext/IBM273
Ljava/util/Collections$SingletonSet$1
Ljava/util/Collections$SingletonSet
Lsun/io/ByteToCharMacCroatian
Lsun/nio/cs/ext/MacCroatian
Ljava/util/prefs/AbstractPreferences
Ljava/util/prefs/Preferences
Ljava/util/prefs/PreferenceChangeListener
[Ljava/util/prefs/PreferenceChangeListener
Ljava/util/prefs/NodeChangeListener
[Ljava/util/prefs/NodeChangeListener
Ljava/lang/NumberFormatException
Ljava/lang/Float
Ljava/lang/Double
Ljava/util/prefs/Base64
Ljava/util/TreeSet
[Ljava/util/prefs/AbstractPreferences
Ljava/util/prefs/BackingStoreException
Ljava/util/prefs/AbstractPreferences$1
Ljava/util/prefs/AbstractPreferences$EventDispatchThread
Ljava/util/prefs/PreferenceChangeEvent
Ljava/util/prefs/AbstractPreferences$NodeAddedEvent
Ljava/util/prefs/AbstractPreferences$NodeRemovedEvent
Ljava/util/prefs/XmlSupport
Ljava/util/prefs/Preferences$1
Ljava/util/prefs/PreferencesFactory
Ljava/util/prefs/Preferences$2
Lsun/misc/Service
Lsun/misc/ServiceConfigurationError
Lsun/io/CharToByteCp278
Lsun/nio/cs/ext/IBM278
Lsun/net/www/protocol/https/HttpsClient$2
Lsun/net/www/protocol/https/HttpsClient
Ljava/net/CookieHandler
Lsun/io/CharToByteISO8859_4
Lsun/nio/cs/ISO_8859_4
Lsun/io/ByteToCharCp949C
Lsun/io/ByteToCharDBCS_ASCII
[Z
Lsun/io/ByteToCharCp949
Ljava/util/concurrent/SynchronousQueue
Ljava/util/concurrent/SynchronousQueue$TransferQueue
Ljava/util/concurrent/SynchronousQueue$TransferStack
Ljava/util/concurrent/SynchronousQueue$Transferer
Ljava/util/concurrent/SynchronousQueue$EmptyIterator
Ljava/util/concurrent/locks/ReentrantLock
Ljava/util/concurrent/SynchronousQueue$FifoWaitQueue
Ljava/util/concurrent/SynchronousQueue$LifoWaitQueue
Ljava/util/concurrent/SynchronousQueue$WaitQueue
Ljava/lang/Runtime
Ljava/lang/Void
Lsun/text/normalizer/ReplaceableUCharacterIterator
Lsun/text/normalizer/UCharacterIterator
Lsun/text/normalizer/ReplaceableString
Ljava/text/CharacterIterator
Lsun/text/normalizer/CharacterIteratorWrapper
Lsun/text/normalizer/UTF16
Lsun/text/normalizer/UCharacterProperty
Lsun/misc/FloatingDecimal$HexFloatPattern
Ljava/util/regex/Pattern
Ljava/util/EnumMap$KeyIterator
Ljava/util/EnumMap
Ljava/util/EnumMap$EnumMapIterator
Ljava/util/EnumMap$1
Ljava/lang/ProcessEnvironment$StringEntry
Ljava/lang/ProcessEnvironment$Variable
Ljava/net/CookiePolicy
Ljava/net/URI
Ljava/net/CookiePolicy$1
Ljava/net/CookiePolicy$2
Ljava/net/CookiePolicy$3
Lsun/io/ByteToCharASCII
Lsun/net/idn/UCharacterEnums$ECharacterDirection
Ljava/util/TooManyListenersException
Ljava/util/Collections$EmptySet$1
Ljava/util/Collections$EmptySet
Ljava/text/ParsePosition
Lsun/net/www/content/audio/x_aiff
Lsun/io/CharToByteMacCroatian
Ljava/util/concurrent/Semaphore$NonfairSync
Lsun/text/resources/FormatData_be_BY
Ljava/net/Socket$2
Ljava/net/Socket
Ljava/net/SocketImpl
Ljava/net/SocketOptions
Ljava/util/concurrent/CyclicBarrier
Ljava/util/concurrent/locks/Condition
Ljava/util/concurrent/CyclicBarrier$Generation
Ljava/util/concurrent/BrokenBarrierException
Ljava/util/concurrent/TimeoutException
Lsun/io/CharToByteMS874
Lsun/nio/cs/ext/MS874
Lsun/io/CharToByteCp037
Lsun/nio/cs/ext/IBM037
Lsun/io/CharToByteISO8859_15
Lsun/nio/cs/ISO_8859_15
Ljava/util/logging/LogManager$4
Ljava/util/logging/Logger
Lsun/io/ByteToCharMacThai
Lsun/nio/cs/ext/MacThai
Ljava/util/IllegalFormatPrecisionException
Ljava/util/IllegalFormatException
Ljava/text/MergeCollation
Ljava/text/PatternEntry
Ljava/text/PatternEntry$Parser
Ljava/text/ParseException
Lsun/text/normalizer/SymbolTable
Lsun/net/httpserver/ServerImpl$Exchange
Lsun/net/httpserver/ServerImpl
Ljava/nio/channels/SocketChannel
Lsun/net/httpserver/HttpConnection
Lsun/net/httpserver/HttpContextImpl
Ljavax/net/ssl/SSLContext
Lsun/net/httpserver/HttpError
Lsun/net/httpserver/SSLStreams
Lsun/net/httpserver/SSLStreams$InputStream
Lsun/net/httpserver/SSLStreams$OutputStream
Ljavax/net/ssl/SSLEngine
Ljava/io/BufferedInputStream
Lsun/net/httpserver/Request$ReadStream
Lsun/net/httpserver/Request$WriteStream
Lsun/net/httpserver/Request
Lcom/sun/net/httpserver/Headers
Lsun/net/httpserver/ContextList
Lcom/sun/net/httpserver/HttpHandler
Lsun/net/httpserver/ExchangeImpl
Lcom/sun/net/httpserver/Filter$Chain
Lsun/net/httpserver/ServerImpl$Exchange$LinkHandler
Lsun/net/httpserver/HttpsExchangeImpl
Lsun/net/httpserver/HttpExchangeImpl
Ljava/net/URISyntaxException
Lsun/net/httpserver/Code
Lsun/text/resources/FormatData_ru
Ljava/util/regex/Pattern$CharPropertyNames$4
Ljava/util/regex/Pattern$CharPropertyNames$CharPropertyFactory
Ljava/util/regex/Pattern$Caret
Ljava/util/concurrent/ConcurrentSkipListMap$SubMap$SubMapValueIterator
Ljava/util/regex/Pattern$SliceUS
Lsun/text/resources/FormatData_pt
Ljava/text/spi/DecimalFormatSymbolsProvider
Lsun/net/URLCanonicalizer
Ljava/lang/ApplicationShutdownHooks$1
Ljava/lang/ApplicationShutdownHooks
Ljava/lang/management/MemoryMXBean
Ljava/lang/reflect/ReflectAccess
Lsun/reflect/MethodAccessor
Lsun/reflect/ConstructorAccessor
Lsun/net/www/MessageHeader$HeaderIterator
Ljava/util/concurrent/ConcurrentSkipListMap$KeySet
Ljava/util/concurrent/ConcurrentNavigableMap
Ljava/util/Comparator
Ljava/util/NavigableSet
Ljava/util/concurrent/ConcurrentSkipListSet
Ljava/lang/reflect/Member
Lsun/io/ByteToCharEUC_CN
Lsun/nio/cs/ext/EUC_CN
Ljava/lang/AssertionStatusDirectives
Ljava/util/TreeMap$ValueIterator
Ljava/util/TreeMap$PrivateEntryIterator
Lsun/text/normalizer/NormalizerImpl$NextCombiningArgs
Lsun/text/normalizer/NormalizerImpl$1
Ljava/text/AttributedCharacterIterator
[Ljava/text/AttributedCharacterIterator
[Ljava/text/AttributedCharacterIterator$Attribute
Ljava/text/AttributedString$AttributedStringIterator
Ljava/util/concurrent/CountDownLatch
Ljava/util/concurrent/CountDownLatch$Sync
Ljava/util/regex/Pattern$UnixDot
Lsun/text/normalizer/TrieIterator
Lsun/text/normalizer/Trie
Lsun/text/normalizer/Trie$DataManipulate
Ljava/util/EnumMap$KeySet
Ljava/util/IdentityHashMap$ValueIterator
Ljava/util/IdentityHashMap
Ljava/util/IdentityHashMap$IdentityHashMapIterator
Ljava/util/IdentityHashMap$1
Lsun/text/resources/FormatData_nl_NL
Ljava/util/concurrent/DelayQueue
Ljava/util/PriorityQueue
Ljava/util/concurrent/DelayQueue$Itr
Lsun/text/resources/CollationData_sk
Ljava/util/regex/Pattern$Loop
Ljava/net/ServerSocket
Ljava/net/InetSocketAddress
Ljava/net/ServerSocket$1
Ljava/security/PrivilegedActionException
Ljava/net/SocketImplFactory
Ljava/net/SocksSocketImpl
Ljava/net/SocketException
Ljava/net/SocketAddress
Ljava/io/FileDescriptor
Lsun/io/CharToByteCp297
Lsun/nio/cs/ext/IBM297
Lsun/text/resources/FormatData_hu
Ljava/io/File$LazyInitialization
Ljava/io/FileSystem
Ljava/security/SecureRandom
Ljava/lang/management/MemoryPoolMXBean
Lsun/io/CharToByteCp857
Lsun/nio/cs/IBM857
Ljava/util/logging/LogManager$1
Ljava/util/logging/LogManager
Ljava/util/logging/LogManager$RootLogger
Ljava/text/Format$FieldDelegate
Ljava/lang/ref/Finalizer$FinalizerThread
Ljava/lang/ref/Finalizer
Lsun/io/ByteToCharCp1381
Lsun/nio/cs/ext/IBM1381
Lsun/net/httpserver/SelectorCache
Ljava/nio/channels/Selector
Ljava/nio/channels/SelectionKey
Ljava/nio/ByteBuffer
Ljava/nio/Buffer
Ljava/net/SocketTimeoutException
Lsun/net/httpserver/ServerConfig
Ljava/util/jar/JarFile$4
Ljava/util/jar/JarFile
Ljava/util/zip/ZipEntry
Ljava/util/jar/JarVerifier
Ljava/net/SocksSocketImpl$8
Ljava/net/PlainSocketImpl
Ljava/util/regex/Pattern$SingleU
Lsun/io/ByteToCharCp1112
Lsun/nio/cs/ext/IBM1112
Ljava/util/TimeZone
Lsun/util/calendar/ZoneInfoFile
Ljava/util/TimeZone$DisplayNames
Lsun/util/TimeZoneNameUtility
Lsun/util/calendar/ZoneInfo
Ljava/lang/InheritableThreadLocal
Ljava/util/TimeZone$1
Ljava/util/PropertyPermission
Lsun/io/ByteToCharCp942C
Lsun/io/ByteToCharCp942
Lsun/io/ByteToCharEUC_TW
Ljava/lang/instrument/ClassDefinition
Ljava/util/concurrent/locks/AbstractQueuedLongSynchronizer$Node
Ljava/util/EnumSet
Ljava/util/RegularEnumSet
Lsun/misc/JavaLangAccess
Lsun/misc/SharedSecrets
Ljava/util/EnumSet$SerializationProxy
Lsun/text/normalizer/Utility
Ljava/util/regex/Pattern$Pos
Ljava/util/regex/Pattern$SliceS
Lerco/activations/hedc/FormFiller$Filter
Ljava/lang/ConditionalSpecialCasing
Ljava/lang/ConditionalSpecialCasing$Entry
Ljava/text/BreakIterator
Lsun/text/Normalizer
[Ljava/lang/ConditionalSpecialCasing$Entry
Ljava/util/Collections$SetFromMap
Ljava/util/regex/Pattern$NotBehind
Ljava/text/FieldPosition$1
Lsun/net/www/MimeTable$DefaultInstanceHolder
Lsun/net/www/MimeTable$DefaultInstanceHolder$1
Lsun/text/resources/FormatData_fi_FI
Lregexp/MalformedRegexpException
Ljava/util/concurrent/CopyOnWriteArraySet
Ljava/util/concurrent/CopyOnWriteArrayList
Lsun/net/httpserver/LeftOverInputStream
Ljava/applet/AudioClip
Lsun/text/resources/CollationData_da
Ljava/text/RuleBasedBreakIterator$SafeCharIterator
Ljava/util/jar/JarVerifier$1
Ljava/security/CodeSigner
[Ljava/security/CodeSigner
Ljava/net/ResponseCache
Ljava/net/NetPermission
Ljava/net/NetworkInterface$1
Ljava/net/NetworkInterface
[Ljava/net/NetworkInterface
Lsun/text/resources/FormatData_cs_CZ
Ljava/lang/IncompatibleClassChangeError
Ljava/lang/CharacterData00
[[[C
[[C
Lsun/net/www/http/KeepAliveStream
Lsun/net/ProgressSource
Lsun/net/www/http/HttpClient
Lsun/net/www/MeteredStream
Lsun/net/www/http/KeepAliveCleanerEntry
Ljava/io/DataInputStream
Ljava/io/ByteArrayInputStream
Lsun/net/www/http/KeepAliveStreamCleaner
Lsun/net/www/http/KeepAliveStream$1
Lsun/io/CharToByteUnicodeLittleUnmarked
Lsun/io/CharToByteUnicode
Lsun/misc/FormattedFloatingDecimal$2
Lsun/misc/FormattedFloatingDecimal$Form
[Lsun/misc/FormattedFloatingDecimal$Form
Ljava/lang/NoSuchFieldError
Lsun/io/CharToByteMacCentralEurope
Lsun/net/www/http/PosterOutputStream
Ljava/io/ByteArrayOutputStream
Lsun/net/NetworkClient$1
Lsun/io/ByteToCharCp930
Lsun/io/ByteToCharDBCS_EBCDIC
Lsun/nio/cs/ext/IBM930
Ljava/net/HttpCookie$CookieAttributeAssignor
Ljava/text/SimpleDateFormat
[Ljava/text/SimpleDateFormat
Ljava/net/HttpCookie$1
Ljava/net/HttpCookie$2
Ljava/net/HttpCookie$3
Ljava/net/HttpCookie$4
Ljava/net/HttpCookie$5
Ljava/net/HttpCookie$7
Ljava/net/HttpCookie$8
Ljava/net/HttpCookie$9
Ljava/net/HttpCookie$10
Ljava/net/HttpCookie$11
Ljava/util/regex/Pattern$First
Ljava/util/regex/Pattern$BnM
Ljava/util/Collections$CheckedCollection
Ljava/util/Collections$CheckedCollection$1
Ljava/lang/ArrayStoreException
Ljava/util/jar/JarFile$2
Ljava/util/prefs/FileSystemPreferences$NodeCreate
Ljava/util/prefs/FileSystemPreferences$Change
Ljava/util/prefs/FileSystemPreferences$1
Ljava/lang/VirtualMachineError
Lsun/net/httpserver/Event
Lregexp/CharClass
Lregexp/Regexp
Lregexp/SuccessRegexp
Lregexp/RegexpCompiler
Lregexp/Multi
Lregexp/StringState
Lregexp/Result
Lregexp/CharArrayState
Ljava/io/FileInputStream
Ljava/lang/CharacterData0E
Lsun/io/CharToByteCp1256
Lsun/nio/cs/ext/MS1256
Ljava/util/Random
Ljava/lang/StrictMath
Ljava/io/ObjectInputStream$GetField
Ljava/io/StreamCorruptedException
Ljava/util/regex/Pattern$CharPropertyNames$18
Ljava/util/prefs/FileSystemPreferences$13
Ljava/util/logging/SimpleFormatter
Ljava/util/logging/Formatter
Ljava/text/MessageFormat
Ljava/util/logging/Handler
Ljava/net/Inet4AddressImpl
Ljava/net/Inet4Address
Lsun/text/normalizer/UnicodeSetIterator
Lsun/text/normalizer/UnicodeSet
Ljava/math/MathContext
Ljava/math/RoundingMode
Lsun/io/ByteToCharCp838
Lsun/nio/cs/ext/IBM838
Ljava/lang/UNIXProcess$2$1
Ljava/lang/UNIXProcess$2
Ljava/lang/UNIXProcess
Lsun/io/ByteToCharCp852
Lsun/nio/cs/IBM852
Ljava/nio/BufferOverflowException
Ljava/util/concurrent/ExecutorCompletionService
Ljava/util/concurrent/AbstractExecutorService
Ljava/util/concurrent/FutureTask
Ljava/util/concurrent/RunnableFuture
Ljava/util/concurrent/Executor
Ljava/util/concurrent/LinkedBlockingQueue
Ljava/util/concurrent/BlockingQueue
Ljava/util/concurrent/ExecutorCompletionService$QueueingFuture
Ljava/io/BufferedWriter
Ljava/io/OutputStreamWriter
Ljava/io/FileOutputStream
Ljava/io/InterruptedIOException
Ljava/util/Formatter
Ljava/util/ServiceConfigurationError
Ljava/util/regex/Pattern$SingleS
Ljava/util/TreeMap$NavigableSubMap$SubMapKeyIterator
Ljava/util/TreeMap$NavigableSubMap
Ljava/util/TreeMap$NavigableSubMap$SubMapIterator
Ljava/lang/EnumConstantNotPresentException
Ljava/net/PlainDatagramSocketImpl
Ljava/net/DatagramSocketImpl
Ljava/net/DatagramPacket
Lsun/security/action/LoadLibraryAction
Lsun/text/resources/FormatData_es
Ljava/util/jar/Pack200$Packer
Ljava/util/jar/JarInputStream
Ljava/beans/PropertyChangeListener
Lsun/text/resources/FormatData_en_IE
Ljava/util/Collections$AsLIFOQueue
Ljava/util/Deque
Lsun/net/dns/ResolverConfigurationImpl
Ljava/io/BufferedReader
Lsun/net/dns/ResolverConfigurationImpl$1
Lsun/net/dns/ResolverConfigurationImpl$2
Lsun/net/dns/ResolverConfigurationImpl$3
Lsun/net/dns/ResolverConfiguration
Ljava/util/IllegalFormatWidthException
Ljava/io/ObjectInputStream$ValidationList$1
Ljava/io/ObjectInputStream$ValidationList
Ljava/io/ObjectInputStream$ValidationList$Callback
Ljava/io/ObjectInputValidation
Ljava/util/Calendar$1
Ljava/util/Calendar
Ljava/net/SocksSocketImpl$4
Ljava/lang/SystemClassLoaderAction
Ljava/lang/instrument/UnmodifiableClassException
Lsun/text/resources/FormatData_no_NO
Ljava/util/Hashtable$KeySet
Lsun/text/resources/FormatData_es_CL
Lsun/io/CharToByteCp1381
Lsun/io/CharToByteDBCS_ASCII
Ljava/lang/UNIXProcess$DeferredCloseInputStream
Ljava/lang/UNIXProcess$1
Ljava/nio/channels/FileChannel
Lsun/nio/ch/FileChannelImpl
Ljava/text/RuleBasedCollator
Ljava/text/Collator
Ljava/text/RBCollationTables
Ljava/text/CollationElementIterator
Ljava/text/Normalizer
Ljava/text/RuleBasedCollationKey
Ljava/text/Collator$CollatorGetter
Lsun/text/resources/FormatData_mk_MK
Ljava/net/Proxy
Lsun/net/ApplicationProxy
Ljava/net/Proxy$Type
Ljava/net/Socket$1
Ljava/net/Socket$3
Lsun/text/resources/FormatData_es_CO
Lsun/text/resources/CollationData_fr
Ljava/util/RegularEnumSet$EnumSetIterator
Ljava/lang/management/CompilationMXBean
[Ljava/lang/Thread$State
Ljava/lang/reflect/WildcardType
Lsun/net/spi/DefaultProxySelector$NonProxyInfo
Lsun/misc/RegexpPool
Ljava/util/LinkedHashMap$Entry
Ljava/util/HashMap$Entry
[Ljava/util/HashMap$Entry
Ljava/util/LinkedHashMap$KeyIterator
Ljava/util/LinkedHashMap$ValueIterator
Ljava/util/LinkedHashMap$EntryIterator
Ljava/util/HashMap$FrontCache
Ljava/util/HashMap$KeyIterator
Ljava/util/HashMap$ValueIterator
Ljava/util/HashMap$EntryIterator
Ljava/util/HashMap$KeySet
Ljava/util/HashMap$Values
Ljava/util/HashMap$EntrySet
Lsun/io/ByteToCharCp437
Lsun/nio/cs/IBM437
Lsun/net/www/protocol/http/HttpURLConnection$TunnelState
[Lsun/net/www/protocol/http/HttpURLConnection$TunnelState
Ljava/util/concurrent/ConcurrentHashMap$HashIterator
Ljava/util/concurrent/ConcurrentHashMap$Segment
[Ljava/util/concurrent/ConcurrentHashMap$Segment
Ljava/util/concurrent/ConcurrentHashMap$HashEntry
[Ljava/util/concurrent/ConcurrentHashMap$HashEntry
Ljava/io/ObjectOutputStream$BlockDataOutputStream
Ljava/io/ObjectOutputStream$HandleTable
Ljava/io/ObjectOutputStream$ReplaceTable
Ljava/io/ObjectOutputStream$DebugTraceInfoStack
Ljava/io/SerializablePermission
Ljava/io/SerialCallbackContext
Ljava/io/NotActiveException
Ljava/io/ObjectOutputStream$PutFieldImpl
Ljava/io/ObjectStreamClass$WeakClassKey
Ljava/io/ObjectOutputStream$1
[F
[D
Ljava/io/Externalizable
Ljava/io/ObjectStreamClass$ClassDataSlot
[Ljava/io/ObjectStreamClass$ClassDataSlot
Ljava/util/BitSet
Ljava/nio/charset/CharsetEncoder
Lsun/nio/cs/ThreadLocalCoders
Ljava/nio/CharBuffer
Ljava/nio/charset/CharacterCodingException
Ljava/util/Collections$UnmodifiableRandomAccessList
Ljava/util/Collections$UnmodifiableList
Ljava/util/Collections$UnmodifiableList$1
Ljava/util/regex/Pattern$End
Lsun/net/www/protocol/http/HttpURLConnection$6
Lsun/io/ByteToCharCp1250
Lsun/nio/cs/MS1250
Lsun/text/normalizer/NormalizerBase$IsNextBoundary
Ljava/text/RBTableBuilder
Ljava/text/RBCollationTables$BuildAPI
Lsun/text/IntHashtable
Lsun/text/UCompactIntArray
Lsun/text/normalizer/NormalizerImpl
Lsun/text/ComposedCharIter
Ljava/text/EntryPair
Ljava/net/BindException
Lsun/io/ByteToCharISO8859_4
Ljava/util/Collections$1
Ljava/util/TreeMap$BoundedDescendingKeyIterator
Ljava/util/TreeMap$BoundedDescendingMapIterator
Ljava/util/TreeMap$DescendingMapIterator
Lsun/io/ByteToCharCp285
Lsun/nio/cs/ext/IBM285
Ljava/lang/ProcessBuilder
Ljava/lang/ProcessEnvironment
Ljava/lang/Process
Ljava/lang/ProcessImpl
Lsun/io/ByteToCharDBCS_ONLY_EBCDIC
Lethz/util/EtcUtil
Lethz/util/BufferedCopy
Lsun/net/www/http/ChunkedOutputStream
Ljava/io/FilterOutputStream
Lsun/misc/FpUtils
Ljava/util/concurrent/ConcurrentHashMap$Values
Ljava/util/concurrent/ConcurrentHashMap$ValueIterator
Lregexp/Literal
Ljava/util/prefs/FileSystemPreferences$12
Lsun/net/www/protocol/http/HttpURLConnection$5
Ljava/net/ProxySelector
Lsun/text/normalizer/NormalizerImpl$PrevArgs
Lsun/net/www/protocol/https/HttpsClient$1
Ljavax/net/ssl/SSLSocketFactory
Ljavax/net/ssl/HostnameVerifier
Lsun/net/www/http/KeepAliveCache
Ljavax/net/ssl/SSLSocket
Lcom/sun/net/ssl/internal/ssl/SSLSocketImpl
Ljavax/net/ssl/SSLSession
Ljava/io/BufferedOutputStream
Lsun/security/util/HostnameChecker
Ljava/security/Principal
Ljavax/security/auth/kerberos/KerberosPrincipal
Ljavax/net/ssl/SSLPeerUnverifiedException
Ljava/security/cert/Certificate
[Ljava/security/cert/Certificate
Ljava/security/cert/X509Certificate
Ljava/security/cert/CertificateException
Ljavax/security/cert/X509Certificate
[Ljavax/security/cert/X509Certificate
Ljavax/security/auth/x500/X500Principal
Ljavax/net/ssl/HandshakeCompletedEvent
Lsun/net/NetworkClient
Lsun/net/www/http/HttpClient$3
Lsun/net/www/http/HttpClient$4
Lsun/net/www/http/HttpClient$5
Ljava/net/MalformedURLException
Lsun/net/www/http/ChunkedInputStream
Lsun/net/www/http/HttpClient$1
Lsun/net/www/http/HttpClient$2
Lsun/net/NetworkClient$2
Ljava/util/regex/Pattern$NotBehindS
Lsun/net/ftp/FtpProtocolException
Ljava/util/Properties$LineReader
Ljava/util/Properties
[Ljava/net/InetAddress
Ljava/net/NetworkInterface$1checkedAddresses
Ljava/net/InterfaceAddress
[Ljava/net/InterfaceAddress
Ljava/net/NetworkInterface$1subIFs
Lsun/net/www/protocol/jar/URLJarFile
Lsun/net/www/protocol/jar/URLJarFile$URLJarFileCloseController
Lsun/net/www/protocol/jar/URLJarFile$URLJarFileEntry
Ljava/util/jar/JarEntry
Ljava/util/jar/Manifest
Ljava/util/jar/Attributes
Lsun/net/www/protocol/jar/URLJarFileCallBack
Lsun/net/www/protocol/jar/URLJarFile$1
Ljava/util/zip/ZipFile
Ljava/util/jar/JarFile$JarFileEntry
Ljava/util/jar/JarFile$1
Lsun/security/util/ManifestEntryVerifier
Lsun/security/util/Debug
Ljava/util/jar/JarVerifier$VerifierStream
Ljava/security/CodeSource
[Ljava/security/CodeSource
Ljava/util/jar/JarFile$3
Ljava/util/jar/JavaUtilJarAccessImpl
Ljava/util/zip/ZipFile$ZipFileInputStream
Ljava/util/zip/ZipFile$1
Ljava/util/zip/Inflater
Ljava/util/zip/ZipFile$2
Ljava/util/Collections$CheckedMap$CheckedEntrySet$CheckedEntry
Lsun/misc/FloatingDecimal$1
Ljava/util/concurrent/atomic/AtomicInteger
Ljava/lang/ThreadLocal$ThreadLocalMap$Entry
Ljava/lang/ClassFormatError
Lsun/io/ByteToCharJIS0208_Solaris
Lsun/nio/cs/ext/JIS_X_0208_Solaris_Decoder
Lsun/io/CharToByteCp864
Lsun/nio/cs/ext/IBM864
Lsun/misc/FIFOQueueEnumerator
Lsun/misc/Queue
Lsun/misc/QueueElement
[[Ljava/lang/ref/SoftReference
Lsun/io/CharacterEncoding
[Ljava/lang/ref/SoftReference
Lsun/io/ByteToCharMacRomania
Lsun/nio/cs/ext/MacRomania
Lsun/net/www/http/ClientVector
Lsun/net/www/http/KeepAliveEntry
[Ljava/net/InetAddress$Cache$Type
Lsun/text/resources/FormatData_es_EC
Lsun/io/ByteToCharCp921
Lsun/nio/cs/ext/IBM921
Ljava/util/Collections$SingletonMap
Ljava/util/AbstractMap$SimpleImmutableEntry
Lsun/net/www/protocol/http/HttpURLConnection$2
Ljava/lang/instrument/IllegalClassFormatException
Lsun/net/www/protocol/http/HttpURLConnection$4
Lsun/text/resources/FormatData_hr
Ljava/util/jar/JarVerifier$3
Lsun/text/resources/FormatData_es_PY
Ljava/applet/AppletContext
Ljava/io/ObjectStreamConstants
Ljava/util/regex/Pattern$CharPropertyNames$3
Ljava/util/regex/Pattern$Ctype
Lsun/io/ByteToCharCp1123
Lsun/net/www/protocol/ftp/FtpURLConnection$1
Lsun/net/www/protocol/ftp/FtpURLConnection
Lsun/text/normalizer/UCharacter$NumericType
Ljava/util/regex/Pattern$Ques
Ljava/util/NavigableMap
Ljava/util/SortedSet
Lsun/io/CharToByteISO8859_7
Lsun/nio/cs/ISO_8859_7
Ljava/math/BigInteger
Ljava/lang/ArithmeticException
Ljava/math/BitSieve
[Ljava/math/BigInteger
Ljava/math/MutableBigInteger
[[I
Lsun/net/idn/StringPrep$Values
Lsun/net/idn/StringPrep$1
Ljava/util/TreeMap$EntrySet
Ljava/util/TreeMap$EntryIterator
Lsun/io/CharToByteEUC_JP_Solaris
Lsun/io/CharToByteEUC_JP
Lsun/io/CharToByteJIS0212_Solaris
Lsun/nio/cs/ext/JIS_X_0208_Solaris_Encoder
Lsun/io/CharToByteJIS0212
Lsun/io/ByteToCharCp297
Ljava/util/MissingFormatArgumentException
Ljava/lang/ref/Reference$1
Lsun/io/ByteToCharCp273
Lsun/net/httpserver/ServerImpl$ServerTimerTask
Ljava/util/regex/Pattern$BmpCharProperty
Lsun/io/CharToByteCp775
Lsun/nio/cs/IBM775
Ljava/util/concurrent/locks/ReentrantReadWriteLock$FairSync
Ljava/util/concurrent/locks/ReentrantReadWriteLock$NonfairSync
Ljava/util/concurrent/locks/ReentrantReadWriteLock$WriteLock
Lsun/text/resources/CollationData_sq
Ljava/net/DatagramSocketImplFactory
Ljava/util/prefs/XmlSupport$Resolver
Lorg/xml/sax/InputSource
Ljava/io/StringReader
Lorg/xml/sax/SAXException
Lsun/text/normalizer/NormalizerBase
Lsun/text/normalizer/NormalizerBase$IsPrevBoundary
Lsun/text/normalizer/NormalizerBase$QuickCheckResult
Lsun/text/normalizer/NormalizerBase$NFDMode
Lsun/text/normalizer/NormalizerBase$NFKDMode
Lsun/text/normalizer/NormalizerBase$NFCMode
Lsun/text/normalizer/NormalizerBase$NFKCMode
Lsun/io/CharToByteCp870
Lsun/nio/cs/ext/IBM870
Lsun/net/httpserver/SSLStreams$EngineWrapper
Lsun/net/httpserver/SSLStreams$BufType
Lsun/net/httpserver/SSLStreams$WrapperResult
Ljavax/net/ssl/SSLEngineResult
Ljavax/net/ssl/SSLEngineResult$Status
Lsun/net/httpserver/TimeSource
Ljava/lang/Deprecated
Ljava/net/URLStreamHandler
Lsun/net/util/IPAddressUtil
Lsun/net/www/content/audio/basic
Ljava/util/concurrent/CopyOnWriteArrayList$COWIterator
Ljava/lang/Shutdown$1
Ljava/util/prefs/FileSystemPreferences$3
Ljava/util/concurrent/Executors$1
Ljava/security/PrivilegedAction
Ljava/lang/ProcessEnvironment$ExternalData
Ljava/text/DateFormatSymbols$DateFormatSymbolsGetter
Ljava/text/spi/DateFormatSymbolsProvider
Ljava/text/DateFormatSymbols
Lsun/io/CharToByteCp1250
Lsun/io/CharToByteCp922
Lsun/nio/cs/ext/IBM922
Ljava/util/zip/ZipOutputStream$XEntry
Lsun/net/httpserver/ChunkedInputStream
Ljava/net/URLClassLoader$3
Ljava/net/URLClassLoader
Ljava/net/URLClassLoader$3$1
Lsun/misc/URLClassPath
Lsun/net/www/protocol/mailto/Handler
Ljava/util/Formatter$Flags
Ljava/util/DuplicateFormatFlagsException
Ljava/util/UnknownFormatFlagsException
Lsun/text/resources/FormatData_sq_AL
Lsun/io/ByteToCharMacCyrillic
Lsun/nio/cs/ext/MacCyrillic
Ljava/util/concurrent/SynchronousQueue$TransferStack$SNode
Ljava/util/concurrent/atomic/AtomicReferenceFieldUpdater
Ljava/util/concurrent/locks/ReentrantLock$FairSync
Ljava/lang/ProcessEnvironment$StringKeySet
Ljava/lang/ProcessEnvironment$StringKeySet$1
Lsun/net/www/protocol/http/NegotiateCallbackHandler
Ljavax/security/auth/callback/Callback
[Ljavax/security/auth/callback/Callback
Ljava/net/Authenticator
Ljavax/security/auth/callback/NameCallback
Ljavax/security/auth/callback/PasswordCallback
Ljavax/security/auth/callback/UnsupportedCallbackException
Lsun/io/ByteToCharCp861
Lsun/nio/cs/ext/IBM861
Lsun/text/normalizer/NormalizerImpl$RecomposeArgs
Lsun/io/CharToByteMacDingbat
Lsun/nio/cs/ext/MacDingbat
Lsun/text/resources/CollationData_lv
Ljava/util/EnumMap$Values
Ljava/util/EnumMap$ValueIterator
Ljava/util/regex/Pattern$2
Ljava/lang/ClassLoader$2
Lsun/misc/Resource
Ljava/lang/ClassLoader$NativeLibrary
Ljava/text/FieldPosition
Ljava/text/FieldPosition$Delegate
Lsun/io/ByteToCharISO2022CN
[Lsun/io/ByteToCharConverter
Lsun/text/resources/FormatData_tr_TR
Ljava/util/regex/Pattern$Behind
Lsun/io/CharToByteHKSCS_2001
Lsun/nio/cs/ext/HKSCS_2001
Ljava/util/jar/JarVerifier$4
Lsun/io/CharToByteCp1026
Lsun/nio/cs/ext/IBM1026
Ljava/util/EventObject
Ljava/util/prefs/NodeChangeEvent
Lsun/io/CharToByteMacThai
Ljava/util/regex/Pattern$StartS
Ljava/util/regex/Pattern$Start
Lsun/text/resources/FormatData_en_ZA
Ljava/lang/Integer$IntegerCache
[Ljava/lang/Integer
Lsun/io/CharToByteSingleByte2
Lsun/io/CharToByteCp424
Lsun/nio/cs/ext/IBM424
Lsun/text/resources/FormatData_el
Ljava/util/Collections$UnmodifiableMap$UnmodifiableEntrySet
Ljava/util/Collections$UnmodifiableMap$UnmodifiableEntrySet$1
Ljava/util/Collections$UnmodifiableMap$UnmodifiableEntrySet$UnmodifiableEntry
Ljava/util/Collections$SynchronizedSortedSet
Ljava/util/Collections$SynchronizedSet
Ljava/util/Collections$SynchronizedCollection
Lsun/net/httpserver/ChunkedOutputStream
Lsun/net/httpserver/WriteFinishedEvent
Lsun/io/CharToByteJIS0208_Solaris
Lsun/text/resources/FormatData_es_SV
Ljava/util/regex/Pattern$BitClass
Ljava/text/RuleBasedBreakIterator
Lsun/text/CompactByteArray
Lsun/text/SupplementaryCharacterData
Ljava/text/RuleBasedBreakIterator$1
Ljava/text/StringCharacterIterator
Ljava/text/BreakIterator$BreakIteratorCache
Ljava/text/BreakIterator$1
Ljava/text/BreakIterator$BreakIteratorGetter
Ljava/text/DictionaryBasedBreakIterator
Lsun/io/CharToByteCp855
Lsun/nio/cs/IBM855
Ljava/util/LinkedList$1
Lsun/io/CharToByteMacArabic
Lsun/nio/cs/ext/MacArabic
Lsun/net/ftp/FtpLoginException
Ljava/util/concurrent/atomic/AtomicLongFieldUpdater$CASUpdater
Ljava/util/concurrent/atomic/AtomicLongFieldUpdater
Lsun/reflect/misc/ReflectUtil
Ljava/util/concurrent/atomic/AtomicLongFieldUpdater$LockedUpdater
Ljava/util/regex/Pattern$CharPropertyNames$2
Lsun/text/normalizer/VersionInfo
Ljava/util/ResourceBundle$LoaderReference
Lerco/activations/hedc/Rag
Lerco/activations/hedc/DateFormatter
Lerco/activations/hedc/MetaSearchResult
Lerco/activations/hedc/Rag$RagIterator
Ljava/io/InputStreamReader
Lerco/activations/hedc/Task
Lerco/activations/hedc/MetaSearchRequest
Ljava/util/regex/Pattern$CharPropertyNames$7
Ljava/util/SubList$1
Lsun/net/httpserver/FixedLengthOutputStream
Lsun/io/ByteToCharCp862
Lsun/nio/cs/IBM862
Lsun/io/ByteToCharGB18030
Lsun/io/ByteToCharGB18030DB
Ljava/util/Formatter$BigDecimalLayoutForm
[Ljava/util/Formatter$BigDecimalLayoutForm
Ljava/util/zip/ZipError
Lsun/io/CharToByteCp1122
Lsun/nio/cs/ext/IBM1122
Lsun/text/resources/FormatData_is
Lsun/io/CharToByteISO2022CN_CNS
Lsun/io/CharToByteISO2022
Lsun/misc/FormattedFloatingDecimal$1
Ljava/util/concurrent/Executors$PrivilegedThreadFactory$1$1
Ljava/util/concurrent/Executors$PrivilegedThreadFactory$1
Ljava/util/concurrent/Executors$PrivilegedThreadFactory
Lsun/io/ByteToCharCp943C
Lsun/io/ByteToCharCp943
Lsun/net/www/content/text/Generic
Lsun/net/www/content/text/plain
Lsun/net/www/content/text/PlainTextInputStream
[Ljava/math/RoundingMode
Ljava/util/EnumMap$EntrySet
Lsun/io/ByteToCharCp1149
Lsun/io/ByteToCharCp871
Lsun/nio/cs/ext/IBM871
Ljava/util/prefs/FileSystemPreferences$8
Ljava/net/SocksSocketImpl$1
Ljava/util/PriorityQueue$1
Ljava/lang/annotation/AnnotationFormatError
Lsun/io/CharToByteCp1047
Lsun/nio/cs/ext/IBM1047
Ljava/net/SocksSocketImpl$3
Lsun/io/CharToByteCp850
Lsun/nio/cs/IBM850
Ljava/util/concurrent/LinkedBlockingQueue$Node
Ljava/util/concurrent/LinkedBlockingQueue$Itr
Ljava/util/regex/Pattern$LazyLoop
Lsun/net/www/http/KeepAliveStreamCleaner$1
Lsun/net/www/http/KeepAliveStreamCleaner$2
Lsun/text/resources/CollationData_fi
Lsun/io/CharToByteCp437
Ljava/util/Collections$UnmodifiableSortedMap
Ljava/util/SortedMap
Ljava/util/Collections$UnmodifiableMap
Ljava/lang/ClassLoader$1
Ljava/util/AbstractList$1
Lsun/text/resources/FormatData_sq
Ljava/lang/StringCoding$StringDecoder
Ljava/nio/charset/Charset
Ljava/nio/charset/CharsetDecoder
Ljava/nio/charset/CodingErrorAction
Lsun/nio/cs/HistoricallyNamedCharset
Ljava/lang/StringCoding
Ljava/nio/charset/CoderResult
Ljava/lang/StringCoding$1
Lsun/util/calendar/CalendarUtils
Lsun/util/calendar/BaseCalendar
Lsun/util/calendar/CalendarDate
Lsun/util/calendar/BaseCalendar$Date
Ljava/text/DateFormat
Lsun/util/calendar/CalendarSystem
Ljava/util/GregorianCalendar
Lsun/util/calendar/Era
Lsun/util/calendar/Gregorian
Lsun/misc/FileURLMapper
Lsun/text/normalizer/NormalizerDataReader
Lsun/text/normalizer/ICUBinary
Ljava/util/concurrent/ThreadFactory
Lsun/text/resources/FormatData_en_CA
Lsun/net/www/http/Hurryable
Lsun/text/resources/FormatData_bg_BG
Lsun/io/ByteToCharCp834
Lsun/nio/cs/ext/IBM933
Ljava/util/Arrays$ArrayList
Ljava/io/WriteAbortedException
Ljava/util/concurrent/Exchanger
Ljava/util/concurrent/Exchanger$Node
Ljava/util/concurrent/Exchanger$Slot
[Ljava/util/concurrent/Exchanger$Slot
Ljava/util/concurrent/RejectedExecutionHandler
Ljava/util/concurrent/atomic/AtomicMarkableReference
Ljava/util/concurrent/atomic/AtomicReference
Ljava/util/concurrent/atomic/AtomicMarkableReference$ReferenceBooleanPair
Lsun/text/normalizer/NormalizerImpl$AuxTrieImpl
Ljava/util/concurrent/atomic/AtomicStampedReference$ReferenceIntegerPair
Ljava/io/Console
Ljava/io/IOError
Lsun/nio/cs/StreamEncoder
Ljava/io/Console$3
Ljava/io/Console$LineReader
Lsun/nio/cs/StreamDecoder
Ljava/io/Console$1
Ljava/io/Console$2
Lsun/io/CharToByteJohab
Lsun/nio/cs/ext/Johab
Lsun/io/ByteToCharJISAutoDetect
Lsun/io/ByteToCharISO8859_1
Lsun/nio/cs/ext/JISAutoDetect
Lsun/io/ByteToCharCp1025
Lsun/nio/cs/ext/IBM1025
Lsun/net/InetAddressCachePolicy$1
Ljava/security/Security
Lsun/io/ByteToCharISO8859_9
Lsun/nio/cs/ISO_8859_9
Ljava/util/IdentityHashMap$Values
Ljava/net/URLStreamHandlerFactory
Lsun/io/CharacterEncoding$1
Lsun/io/CharacterEncoding$2
Lsun/net/www/protocol/https/DelegateHttpsURLConnection
Lsun/net/www/protocol/http/Handler
Ljavax/net/ssl/HttpsURLConnection
Lsun/net/www/protocol/https/AbstractDelegateHttpsURLConnection
Lsun/net/www/protocol/http/HttpURLConnection$1
Ljava/net/HttpURLConnection
Lsun/net/www/protocol/http/HttpURLConnection$3
Lsun/net/www/protocol/http/HttpAuthenticator
Ljava/net/ProtocolException
Lsun/net/www/protocol/http/HttpURLConnection$StreamingOutputStream
Lsun/net/ProgressMonitor
Ljava/net/HttpRetryException
Lsun/net/www/protocol/http/AuthenticationHeader
Lsun/net/www/protocol/http/BasicAuthentication
Lsun/net/www/protocol/http/DigestAuthentication
Lsun/net/www/protocol/http/DigestAuthentication$Parameters
Lsun/net/www/protocol/http/EmptyInputStream
Ljava/io/FileNotFoundException
Lsun/net/www/protocol/http/HttpURLConnection$ErrorStream
Lsun/net/www/protocol/http/HttpURLConnection$7
Lsun/security/action/GetIntegerAction
Ljava/util/jar/JarVerifier$2
Ljava/io/ObjectInput
Ljava/io/DataInput
Lsun/net/NetworkServer
Ljava/util/concurrent/ThreadPoolExecutor$DiscardPolicy
Ljava/io/Bits
Lsun/net/spi/DefaultProxySelector
Lsun/net/spi/DefaultProxySelector$2
Lsun/net/spi/DefaultProxySelector$3
[[Ljava/lang/String
Lsun/net/spi/DefaultProxySelector$1
[Ljava/security/ProtectionDomain
Ljava/lang/NoClassDefFoundError
Lsun/misc/ClassFileTransformer
[Ljava/util/Enumeration
Lsun/misc/CompoundEnumeration
Lsun/jkernel/DownloadManager
Lsun/misc/Launcher
[Ljava/lang/Package
Ljava/lang/UnsatisfiedLinkError
Ljava/lang/ClassLoader$3
Lsun/text/resources/FormatData_ga_IE
Ljava/net/InetAddressImplFactory
Ljava/net/InetAddressImpl
Lsun/net/www/protocol/jar/Handler
Lsun/net/www/protocol/jar/JarURLConnection
Ljava/net/URI$Parser
Ljava/util/Formattable
Lsun/net/ProgressSource$State
[Lsun/net/ProgressSource$State
Lsun/io/ByteToCharCp922
Ljava/util/regex/Pattern$5
Ljava/io/PushbackInputStream
Lsun/io/CharToByteCp834
Lsun/io/CharToByteCp933
Ljava/util/concurrent/CopyOnWriteArrayList$COWSubList
Ljava/util/jar/Attributes$Name
Ljava/io/DataOutputStream
Ljava/util/jar/Manifest$FastInputStream
Ljava/util/Currency$CurrencyNameGetter
Ljava/util/Currency$1
Ljava/text/NumberFormat
Ljava/text/CharacterIteratorFieldDelegate
Ljava/text/DecimalFormat
Ljava/text/Format
Ljava/text/DateFormat$DateFormatGetter
Lsun/io/CharToByteCp860
Lsun/nio/cs/ext/IBM860
Lsun/io/ByteToCharMS932DB
Lsun/io/CharToByteMacTurkish
Lsun/nio/cs/ext/MacTurkish
Lsun/net/www/protocol/http/NegotiatorImpl$1
Lsun/net/www/protocol/http/NegotiatorImpl
Lsun/text/resources/FormatData_hu_HU
Lsun/io/CharToByteCp948
Lsun/nio/cs/ext/IBM948
Ljava/util/PriorityQueue$Itr
Ljava/util/ArrayDeque
Ljava/util/ArrayDeque$DescendingIterator
Lsun/text/resources/CollationData_be
Ljava/lang/ref/WeakReference
Ljava/lang/ref/Reference$Lock
Ljava/lang/ref/Reference$ReferenceHandler
Ljava/util/concurrent/ThreadPoolExecutor$AbortPolicy
Ljava/util/concurrent/RejectedExecutionException
Ljava/util/concurrent/atomic/AtomicIntegerFieldUpdater
Ljava/util/concurrent/atomic/AtomicIntegerFieldUpdater$AtomicIntegerFieldUpdaterImpl
Ljava/util/concurrent/LinkedBlockingDeque$Itr
Ljava/util/concurrent/LinkedBlockingDeque
Ljava/util/concurrent/LinkedBlockingDeque$AbstractItr
Ljava/util/concurrent/LinkedBlockingDeque$Node
Ljava/util/concurrent/LinkedBlockingDeque$1
Lsun/text/normalizer/NormalizerBase$IsPrevTrueStarter
Lsun/text/normalizer/NormalizerBase$1
Lsun/text/resources/FormatData_lv_LV
Lsun/net/NetProperties
Ljava/util/concurrent/ConcurrentSkipListMap$KeyIterator
Ljava/util/concurrent/ConcurrentSkipListMap$Iter
Lsun/io/ByteToCharCp037
Ljava/net/InetAddressContainer
Ljava/net/SocketInputStream
Ljava/net/SocketOutputStream
Lsun/net/ConnectionResetException
Ljava/util/logging/Filter
Ljava/util/TreeMap$NavigableSubMap$SubMapEntryIterator
Ljava/util/concurrent/ExecutorService
Lsun/text/resources/FormatData_es_PE
Ljava/lang/StringValue
Ljava/lang/String$CaseInsensitiveComparator
Ljava/util/RandomAccess
Ljava/util/TreeMap$UnboundedKeyIterator
Ljava/util/TreeMap$UnboundedDescendingKeyIterator
Ljava/util/TreeMap$1
Ljava/util/TreeMap$AscendingSubMap
Ljava/util/TreeMap$2
Ljava/util/TreeMap$KeySet
Ljava/util/TreeMap$DescendingSubMap
Lethz/util/ObservableProperties
Lethz/util/BaseProperties
Lethz/util/PropertyMonitoring
[Lethz/util/PropertyMonitoring
Ljava/util/XMLUtils
Ljava/util/Dictionary
Ljava/util/Hashtable$Enumerator
Ljava/util/Hashtable$ValueCollection
Ljava/util/Hashtable$EmptyEnumerator
Ljava/util/Hashtable$EmptyIterator
Lsun/io/ByteToCharCp864
Ljava/util/IdentityHashMap$EntrySet
Ljava/util/IdentityHashMap$EntryIterator
Ljava/util/AbstractMap$SimpleEntry
Ljava/util/regex/Pattern$CharPropertyNames$13
Ljava/util/HashMap$HashIterator
Ljava/io/PipedReader
Ljava/io/PipedWriter
Ljava/util/XMLUtils$1
Ljava/io/DataOutput
Lsun/text/resources/FormatData_sr_BA
Ljava/util/ResourceBundle$SingleFormatControl
Ljava/util/ResourceBundle$NoFallbackControl
Ljava/util/ResourceBundle$Control$1
Ljava/util/PropertyResourceBundle
Ljava/net/JarURLConnection
Ljava/util/Calendar$CalendarAccessControlContext
Ljava/security/PermissionCollection
Lsun/text/resources/FormatData_sk
Lsun/io/ByteToCharCp1047
Lsun/text/resources/FormatData_es_PA
Ljava/util/AbstractMap$2$1
Ljava/util/Collections$CheckedList
Ljava/util/Collections$CheckedList$1
Lsun/io/ByteToCharCp775
Lsun/text/resources/FormatData_sr_RS
Ljava/util/regex/Pattern$Bound
Ljava/lang/ProcessEnvironment$StringEntrySet
Ljava/lang/ProcessEnvironment$StringEntrySet$1
Ljava/lang/ProcessEnvironment$StringEntrySet$2
Lorg/ietf/jgss/Oid
Lsun/security/jgss/GSSManagerImpl
Lorg/ietf/jgss/GSSName
Lorg/ietf/jgss/GSSContext
Ljava/lang/instrument/ClassFileTransformer
Ljava/util/concurrent/ConcurrentHashMap$WriteThroughEntry
Ljava/util/regex/Pattern$GroupTail
Lsun/io/ByteToCharCp874
Lsun/text/normalizer/UCharacter
Lsun/text/normalizer/CharTrie
Ljava/io/DeleteOnExitHook
Ljava/util/LinkedHashSet
Ljava/io/DeleteOnExitHook$1
Ljava/text/spi/CollatorProvider
Ljava/util/spi/LocaleServiceProvider
Ljava/util/concurrent/ConcurrentSkipListMap$SubMap$SubMapKeyIterator
Ljava/util/regex/Pattern$BnMS
Ljava/util/regex/Pattern$Slice
Ljava/lang/reflect/InvocationHandler
Lsun/text/normalizer/NormalizerBase$IsNextNFDSafe
Lsun/text/normalizer/NormalizerBase$IsNextTrueStarter
Lsun/text/resources/CollationData_ca
Ljava/net/SocksSocketImpl$2
Lsun/io/ByteToCharCp856
Ljava/text/DigitList
Ljava/math/BigDecimal
Ljava/text/NumberFormat$Field
[Ljava/text/FieldPosition
Ljava/text/NumberFormat$NumberFormatGetter
Ljava/io/ObjectStreamClass$EntryFuture
Ljava/io/ObjectStreamClass$EntryFuture$1
Ljava/io/ObjectStreamClass$1
Lsun/text/resources/FormatData_en_SG
Lsun/io/ByteToCharCp868
Lsun/nio/cs/ext/IBM868
Lsun/text/resources/FormatData_en_GB
Ljava/io/ObjectStreamClass$MemberSignature
Ljava/util/Formatter$FormatSpecifier$BigDecimalLayout
Ljava/util/Formatter$FormatSpecifier
Lsun/net/spi/nameservice/NameServiceDescriptor
Lsun/text/normalizer/ICUData$1
Lsun/text/resources/CollationData_no
Ljava/net/CookieManager$CookiePathComparator
Ljava/util/logging/FileHandler
Ljava/util/logging/FileHandler$MeteredStream
Ljava/util/logging/XMLFormatter
Ljava/util/logging/StreamHandler
Ljava/nio/channels/FileLock
[Ljava/io/File
Ljava/nio/charset/IllegalCharsetNameException
Ljava/io/ExpiringCache
Ljava/io/ExpiringCache$1
Ljava/io/ExpiringCache$Entry
Ljava/text/BreakDictionary$1
Ljava/text/BreakDictionary
[Ljava/lang/ThreadGroup
Lsun/io/ByteToCharCp860
Lsun/net/www/HeaderParser$ParserIterator
Lerco/activations/hedc/FormFiller
Lsun/net/www/protocol/gopher/Handler
Lsun/net/www/protocol/gopher/GopherClient
Lsun/net/www/protocol/gopher/GopherURLConnection
Lsun/io/ByteToCharCp1258
Lsun/nio/cs/ext/MS1258
Ljava/util/logging/LoggingMXBean
Lsun/io/ByteToCharCp948
Ljava/util/regex/Pattern$All
Ljava/util/logging/LogManager$5
Ljava/util/concurrent/FutureTask$Sync
Ljava/util/concurrent/Executors
Ljava/util/concurrent/Executors$FinalizableDelegatedExecutorService
Ljava/util/concurrent/Executors$DelegatedExecutorService
Ljava/util/concurrent/ExecutionException
Ljava/util/concurrent/CancellationException
Ljava/util/CurrencyData
Lsun/io/ByteToCharBig5_HKSCS
Lsun/io/ByteToCharHKSCS_2001
Lsun/io/ByteToCharBig5
Ljava/util/LinkedHashMap$LinkedHashIterator
Ljava/util/LinkedHashMap$1
Lsun/io/CharToByteCp284
Lsun/nio/cs/ext/IBM284
Lsun/net/ftp/FtpClient$2
Lsun/io/ByteToCharJIS0212_Solaris
Lsun/nio/cs/ext/JIS_X_0212_Solaris_Decoder
Lsun/io/ByteToCharUTF8
Lsun/text/resources/FormatData_sv_SE
Ljava/util/WeakHashMap$1
[Lsun/net/httpserver/SSLStreams$BufType
Ljava/util/TreeMap$BoundedDescendingEntryIterator
Lsun/io/ByteToCharCp737
Lsun/nio/cs/IBM737
Lsun/io/CharToByteCp1144
Lsun/nio/cs/ext/IBM1144
Ljava/util/regex/PatternSyntaxException
Ljava/util/regex/Pattern$GroupHead
[Ljava/util/regex/Pattern$GroupHead
Ljava/util/regex/Pattern$Prolog
Ljava/util/regex/Pattern$GroupCurly
Ljava/util/regex/Pattern$BranchConn
Ljava/util/regex/Pattern$Branch
Ljava/util/regex/Pattern$UnixCaret
Ljava/util/regex/Pattern$Begin
Ljava/util/regex/Pattern$Dollar
Ljava/util/regex/Pattern$Dot
Ljava/util/regex/Pattern$BackRef
Ljava/util/regex/Pattern$LastMatch
Ljava/lang/Character$UnicodeBlock
Ljava/util/regex/Pattern$CharPropertyNames
Ljava/util/regex/Pattern$Neg
Ljava/util/regex/Pattern$BehindS
Ljava/util/regex/Pattern$SingleI
Ljava/util/regex/Pattern$Single
Ljava/util/regex/Pattern$SliceU
Ljava/util/regex/Pattern$SliceI
Ljava/util/regex/Pattern$3
Ljava/util/regex/Pattern$4
Ljava/util/regex/Pattern$6
Ljava/util/regex/Pattern$7
Ljava/util/regex/Pattern$8
Ljava/util/regex/Pattern$LastNode
Lsun/io/CharToByteCp737
Lsun/text/resources/CollationData_mk
Lsun/io/ByteToCharEUC_JP
Lsun/io/ByteToCharJIS0208
Lsun/io/ByteToCharJIS0201
Lsun/io/ByteToCharJIS0212
Lsun/nio/cs/ext/JIS_X_0208_Decoder
Ljava/io/FilterReader
Ljava/util/concurrent/CyclicBarrier$1
Lsun/io/CharToByteGBK
Lsun/nio/cs/ext/GBK
Lsun/io/ByteToCharCp278
Ljava/text/Annotation
Ljava/util/concurrent/ArrayBlockingQueue
Ljava/util/concurrent/ArrayBlockingQueue$Itr
Ljava/text/CollationKey
Lsun/io/ByteToCharCp1257
Lsun/nio/cs/MS1257
Lsun/net/httpserver/SelectorCache$1
Lsun/net/httpserver/SelectorCache$CacheCleaner
Lsun/text/resources/FormatData_de_CH
Ljava/util/Locale$LocaleNameGetter
Ljava/util/spi/LocaleNameProvider
Ljava/util/logging/LogManager$LogNode
Ljava/math/BigDecimal$LongOverflow
Lsun/io/CharToByteCp943
Lsun/nio/cs/ext/IBM943
Ljava/util/zip/InflaterOutputStream
Ljava/util/zip/DataFormatException
Lsun/io/ByteToCharJohab
Lsun/text/resources/FormatData_es_US
Lsun/net/httpserver/UnmodifiableHeaders
Lsun/net/httpserver/PlaceholderOutputStream
Lsun/net/httpserver/FixedLengthInputStream
Lcom/sun/net/httpserver/HttpPrincipal
Lcom/sun/net/httpserver/HttpExchange
Ljava/lang/NegativeArraySizeException
Lsun/io/CharToByteMacCyrillic
Ljava/io/ObjectStreamClass$Caches
Ljava/lang/reflect/Proxy
Ljava/io/ObjectStreamClass$FieldReflector
[Ljava/io/ObjectStreamClass$MemberSignature
Ljava/io/ObjectStreamClass$3
Ljava/io/ObjectStreamClass$4
Ljava/io/ObjectStreamClass$5
Ljava/io/ObjectStreamClass$FieldReflectorKey
Lsun/nio/cs/ext/JIS_X_0212_Solaris_Encoder
Ljava/text/spi/NumberFormatProvider
Lsun/io/CharToByteCp964
Lsun/nio/cs/ext/IBM964
Lsun/net/www/content/image/gif
Lsun/awt/image/URLImageSource
Ljava/awt/Toolkit
Ljava/awt/Image
Ljava/util/TreeMap$NavigableSubMap$DescendingSubMapKeyIterator
Lsun/misc/FDBigInt
Lsun/io/CharToByteISO8859_13
Lsun/nio/cs/ISO_8859_13
Ljava/lang/management/MemoryType
[Ljava/lang/management/MemoryType
Lsun/io/CharToByteISO8859_8
Lsun/nio/cs/ext/ISO_8859_8
Lsun/misc/REException
Ljava/net/SocksSocketImpl$5
Ljava/net/SocksSocketImpl$6
Ljava/net/SocksSocketImpl$7
Ljava/net/Inet6Address
Lsun/io/ByteToCharCp939
Lsun/nio/cs/ext/IBM939
Ljava/util/concurrent/ScheduledExecutorService
Ljava/util/spi/CurrencyNameProvider
Ljava/lang/management/LockInfo
Lsun/net/www/MimeTable$1
Ljava/lang/annotation/RetentionPolicy
[Ljava/lang/annotation/RetentionPolicy
Lsun/io/CharToByteUTF16
Ljava/util/Collections$SynchronizedRandomAccessList
Ljava/util/Collections$SynchronizedList
Ljava/nio/charset/UnsupportedCharsetException
Lsun/misc/MessageUtils
Ljava/lang/StringCoding$StringEncoder
Lerco/activations/hedc/MetaSearchResult$MetaSearchResultIterator
Lerco/activations/hedc/RandomDate
Ljava/util/concurrent/ConcurrentHashMap$EntrySet
Ljava/util/concurrent/ConcurrentHashMap$EntryIterator
Lsun/reflect/generics/scope/MethodScope
Ljava/lang/reflect/AccessibleObject
[[Ljava/lang/annotation/Annotation
[Ljava/lang/reflect/AccessibleObject
Ljava/lang/reflect/ReflectPermission
Lsun/io/ByteToCharCp1253
Lsun/nio/cs/MS1253
Lsun/io/CharToByteBig5
Lsun/nio/cs/ext/Big5
Lsun/reflect/generics/scope/ConstructorScope
Lsun/text/resources/FormatData_es_ES
Lsun/text/resources/CollationData
Ljava/net/InetAddress$1
Ljava/net/InetAddress$2
Ljava/lang/Appendable
Lsun/io/CharToByteCp1006
Lsun/nio/cs/ext/IBM1006
[Ljava/util/logging/Handler
Ljava/util/TreeMap$UnboundedEntryIterator
Ljava/util/ServiceLoader$LazyIterator
Ljava/util/ServiceLoader
Ljava/util/ServiceLoader$1
Ljava/util/Collections$CheckedSortedMap
Ljava/util/Collections$CheckedMap
Ljava/util/Collections$CheckedMap$CheckedEntrySet
Lsun/text/resources/FormatData_sl
Ljava/lang/TypeNotPresentException
Lsun/text/resources/FormatData_ca
Ljava/lang/ref/FinalReference
Ljava/io/StreamTokenizer
Lsun/text/resources/FormatData_ca_ES
Ljava/util/TreeMap$BoundedKeyIterator
Ljava/util/TreeMap$NavigableSubMap$EntrySetView
Ljava/util/TreeMap$AscendingSubMap$AscendingEntrySetView
Lsun/text/normalizer/CharTrie$FriendAgent
Lsun/text/normalizer/ICUData
Lsun/text/normalizer/UCharacterPropertyReader
Ljava/lang/management/ThreadInfo
Ljava/lang/management/MonitorInfo
[Ljava/lang/management/MonitorInfo
[Ljava/lang/management/LockInfo
Lsun/management/ManagementFactory
Ljavax/management/openmbean/CompositeData
Lsun/management/ThreadInfoCompositeData
Lsun/text/resources/FormatData_pl
Lsun/text/resources/FormatData_es_PR
Lsun/text/resources/FormatData_no_NO_NY
Ljava/util/Formatter$DateTime
[Ljava/lang/Character
Ljava/lang/CharacterDataLatin1
Ljava/lang/CharacterData01
Ljava/lang/CharacterData02
Ljava/lang/CharacterDataPrivateUse
Ljava/util/zip/Adler32
Lsun/io/CharToByteEUC_JP_LINUX
Ljava/util/concurrent/Semaphore
Ljava/util/concurrent/Semaphore$FairSync
Lsun/io/ByteToCharCp933
Lsun/text/normalizer/ICUBinary$Authenticate
Ljava/io/Serializable
Ljava/util/Collections$CheckedSet
Ljava/util/Collections$SelfComparable
Lerco/activations/hedc/SohoSynoptic$SohoIterator
Lerco/activations/hedc/SohoSynoptic
Lsun/io/CharToByteCp1147
Lsun/nio/cs/ext/IBM1147
Lsun/text/normalizer/NormalizerBase$IsPrevNFDSafe
Ljava/util/concurrent/RunnableScheduledFuture
Ljava/lang/management/ManagementFactory$1
Lsun/io/CharToByteCp1140
Lsun/nio/cs/ext/IBM1140
Ljava/util/Formatter$Conversion
Ljava/util/UnknownFormatConversionException
Ljava/lang/Byte
Ljava/lang/Short
Ljava/util/IllegalFormatCodePointException
Ljava/util/MissingFormatWidthException
[Ljava/util/Formatter$Flags
Ljava/util/IllegalFormatFlagsException
Lsun/misc/FormattedFloatingDecimal
Ljava/util/FormatFlagsConversionMismatchException
Ljava/util/IllegalFormatConversionException
Lsun/io/CharToByteMacIceland
Lsun/nio/cs/ext/MacIceland
Lsun/io/ByteToCharCp1144
Lsun/io/ByteToCharCp280
Lsun/nio/cs/ext/IBM280
Lsun/text/resources/FormatData_de_DE
Lsun/net/www/MimeEntry
Lsun/text/resources/FormatData_fr_CH
Lsun/io/CharToByteCp942
Lsun/nio/cs/ext/IBM942
Lsun/util/resources/OpenListResourceBundle
Ljava/lang/Override
Ljava/io/SyncFailedException
Lsun/io/CharToByteISO8859_6
Lsun/nio/cs/ext/ISO_8859_6
Lsun/text/resources/FormatData_fr_CA
Lsun/net/TransferProtocolClient
Lsun/net/smtp/SmtpProtocolException
Lsun/net/smtp/SmtpPrintStream
Ljava/util/zip/ZipInputStream
Ljava/util/zip/InflaterInputStream
Ljava/util/zip/CRC32
Ljava/io/EOFException
Lsun/text/resources/CollationData_pl
Ljava/util/spi/TimeZoneNameProvider
Ljava/util/regex/Pattern$CharPropertyNames$11
Ljava/lang/InstantiationError
Ljava/text/DontCareFieldPosition
Ljava/text/DontCareFieldPosition$1
Ljava/lang/Package$1
Lsun/io/CharToByteCp1258
Lsun/io/ByteToCharCp964
Lsun/text/resources/FormatData_sk_SK
Ljava/io/ObjectInputStream$HandleTable
Ljava/io/ObjectInputStream$HandleTable$HandleList
[Ljava/io/ObjectInputStream$HandleTable$HandleList
Lsun/io/ByteToCharCp277
Lsun/nio/cs/ext/IBM277
Ljava/lang/StackOverflowError
Ljava/util/TreeMap$NavigableSubMap$DescendingSubMapEntryIterator
Ljava/lang/reflect/GenericDeclaration
Ljava/util/AbstractSequentialList
Lsun/net/idn/UCharacterDirection
Ljava/net/NoRouteToHostException
Lsun/io/CharToByteCp1124
Lsun/nio/cs/ext/IBM1124
Ljava/util/Scanner
Lsun/misc/LRUCache
Ljava/lang/Readable
Ljava/util/Scanner$1
Ljava/nio/channels/ReadableByteChannel
Ljava/nio/channels/Channels
Ljava/util/InputMismatchException
Ljava/io/Closeable
Ljava/util/regex/MatchResult
Lsun/text/resources/FormatData_en
Lsun/text/resources/FormatData_pt_BR
Ljava/io/ObjectOutputStream$Caches
Ljava/util/concurrent/PriorityBlockingQueue
Ljava/util/concurrent/PriorityBlockingQueue$Itr
Lsun/io/ByteToCharISO8859_15
Ljava/lang/Shutdown$Lock
Ljava/io/ObjectInputStream$BlockDataInputStream
Ljava/io/ObjectInputStream$PeekInputStream
Ljava/io/UTFDataFormatException
Lsun/net/NetProperties$1
Ljava/util/regex/Pattern$CharPropertyNames$1
Ljava/util/regex/Pattern$CharPropertyNames$5
Ljava/util/regex/Pattern$CharPropertyNames$8
Ljava/util/regex/Pattern$CharPropertyNames$9
Ljava/util/regex/Pattern$CharPropertyNames$10
Ljava/util/regex/Pattern$CharPropertyNames$12
Ljava/util/regex/Pattern$CharPropertyNames$14
Ljava/util/regex/Pattern$CharPropertyNames$15
Ljava/util/regex/Pattern$CharPropertyNames$16
Ljava/util/regex/Pattern$CharPropertyNames$17
Ljava/util/regex/Pattern$CharPropertyNames$19
Ljava/util/regex/Pattern$CharPropertyNames$20
Ljava/util/regex/Pattern$CharPropertyNames$21
Ljava/lang/System$2
Ljava/lang/Shutdown
Lsun/io/ByteToCharCp950
Lsun/nio/cs/ext/IBM950
Ljava/util/prefs/FileSystemPreferences$2
Ljava/util/HashMap$1
Ljava/util/zip/ZipOutputStream
Ljava/util/concurrent/Executors$DelegatedScheduledExecutorService
Ljava/util/concurrent/ScheduledThreadPoolExecutor
Ljava/util/concurrent/Executors$DefaultThreadFactory
Ljava/util/concurrent/Executors$RunnableAdapter
Ljava/security/PrivilegedExceptionAction
Ljava/util/concurrent/Executors$2
Ljava/util/concurrent/Executors$PrivilegedCallableUsingCurrentClassLoader
Ljava/util/LinkedList$DescendingIterator
Ljava/util/LinkedList$ListItr
Ljava/util/AbstractMap$1$1
Lsun/io/ByteToCharCp1383
Lsun/io/ByteToCharEUC
Lsun/nio/cs/ext/IBM1383
Ljava/util/prefs/InvalidPreferencesFormatException
Lsun/io/CharToByteISO8859_5
Lsun/nio/cs/ISO_8859_5
Lsun/io/CharToByteUnicodeBig
Lsun/io/CharToByteCp937
Lsun/io/CharToByteDBCS_EBCDIC
Lsun/nio/cs/ext/IBM937
Lsun/text/resources/FormatData_es_HN
Ljava/util/prefs/FileSystemPreferences$10
Lsun/io/ByteToCharMacArabic
Lsun/io/CharToByteCp277
Lcom/sun/net/httpserver/HttpsConfigurator
Lsun/net/httpserver/SSLStreams$Parameters
Ljavax/net/ssl/SSLParameters
Ljavax/net/ssl/SSLEngineResult$HandshakeStatus
Ljava/util/concurrent/locks/Lock
Lsun/net/ftp/FtpClient$3
Lsun/net/ftp/FtpClient
Ljava/util/concurrent/ConcurrentLinkedQueue$Itr
Ljava/util/concurrent/ConcurrentLinkedQueue
Ljava/util/concurrent/ConcurrentLinkedQueue$Node
Ljava/util/Collections$ReverseComparator2
Ljava/util/TreeMap$KeyIterator
Lsun/text/resources/FormatData_es_CR
Ljava/lang/Character$Subset
Lsun/io/ByteToCharCp1255
Lsun/nio/cs/ext/MS1255
Lsun/reflect/generics/repository/FieldRepository
Lsun/reflect/FieldAccessor
[Lsun/misc/FDBigInt
Ljava/lang/instrument/Instrumentation
[Ljava/lang/instrument/ClassDefinition
Lsun/io/ByteToCharCp1147
Lsun/net/www/protocol/http/AuthenticationHeader$SchemeMapValue
Lsun/text/resources/FormatData_es_UY
[Ljava/lang/Short
Ljava/lang/Compiler$1
Ljava/lang/Compiler
Ljava/util/ArrayDeque$DeqIterator
Lsun/text/resources/CollationData_cs
Lsun/text/resources/FormatData_no
Ljava/lang/ref/Finalizer$2
Lsun/io/CharToByteISO8859_1
Lsun/text/resources/FormatData_fr
Lsun/net/idn/StringPrep
Lsun/net/idn/StringPrep$StringPrepTrieImpl
Lsun/net/idn/StringPrepDataReader
Lsun/io/CharToByteCp280
Lsun/io/CharToByteCp939
Lsun/io/ByteToCharKOI8_R
Lsun/nio/cs/KOI8_R
Lsun/text/resources/FormatData_mt
Ljava/util/concurrent/ConcurrentSkipListMap$ComparableUsingComparator
Lsun/io/CharToByteEUC_CN
Lsun/net/www/ApplicationLaunchException
Lsun/io/ByteToCharEUC_KR
Lsun/nio/cs/ext/EUC_KR
Lsun/io/CharToByteMacRoman
Lsun/nio/cs/ext/MacRoman
Lerco/activations/hedc/MetaSearchImpl
Lxsched/Activation
Lsun/io/CharToByteCp1112
Ljava/lang/Terminator$1
Lsun/misc/Signal
Ljava/util/concurrent/Exchanger$1
Lsun/io/ByteToCharUnicodeLittle
Lsun/net/ProgressListener
Lsun/net/ProgressEvent
Lsun/text/resources/FormatData_it_CH
Ljava/lang/Long$LongCache
[Ljava/lang/Long
Ljava/text/MessageFormat$Field
Lsun/text/CharArrayCodePointIterator
Lsun/text/CodePointIterator
Lsun/text/CharSequenceCodePointIterator
Lsun/text/CharacterIteratorCodePointIterator
Ljava/io/CharArrayReader
Ljava/lang/annotation/AnnotationTypeMismatchException
Ljava/util/Collections$CheckedMap$CheckedEntrySet$1
Ljava/io/FilePermission$1
Ljava/io/FilePermission
Lsun/security/provider/PolicyFile
Ljava/util/LinkedList$Entry
Ljava/util/concurrent/ScheduledThreadPoolExecutor$ScheduledFutureTask
Ljava/util/concurrent/atomic/AtomicStampedReference
Lsun/misc/Cleaner
Ljava/util/zip/ZStreamRef
Lsun/text/resources/FormatData_el_GR
Lsun/text/resources/FormatData_es_DO
Ljava/util/zip/GZIPInputStream
Ljava/util/zip/CheckedInputStream
Lsun/io/CharToByteMacUkraine
Lsun/nio/cs/ext/MacUkraine
Lsun/net/www/protocol/https/DefaultHostnameVerifier
Ljava/util/TimerThread
Ljava/util/TaskQueue
Lsun/nio/cs/ext/JIS_X_0212_Encoder
Lsun/io/ByteToCharISO2022KR
Lsun/io/ByteToCharISO2022
Lsun/io/ByteToCharCp857
Ljava/util/zip/Deflater
Ljava/util/zip/DeflaterOutputStream
Ljava/util/WeakHashMap$Values
Ljava/util/WeakHashMap
Ljava/util/WeakHashMap$ValueIterator
Lsun/text/resources/FormatData_lt_LT
Ljava/net/PortUnreachableException
Lsun/text/resources/BreakIteratorInfo
Ljava/net/IDN$1
Ljava/util/concurrent/ConcurrentHashMap$KeySet
Ljava/util/concurrent/ConcurrentHashMap$KeyIterator
Lsun/io/CharToByteISO8859_3
Lsun/nio/cs/ext/ISO_8859_3
Ljava/net/URLClassLoader$4
Lsun/io/ByteToCharISO8859_5
Lsun/text/resources/FormatData_de
Lsun/net/www/protocol/ftp/Handler
Lsun/io/ByteToCharCp1148
Lsun/text/resources/FormatData_is_IS
Ljava/util/XMLUtils$EH
Lsun/text/resources/FormatData_en_US
Lsun/net/TelnetOutputStream
Ljava/net/PlainDatagramSocketV4Impl
Ljava/util/FormatterClosedException
Lsun/text/resources/FormatData_es_NI
Lsun/net/www/protocol/ftp/FtpURLConnection$FtpInputStream
Lsun/net/TelnetInputStream
Lsun/net/www/protocol/ftp/FtpURLConnection$FtpOutputStream
Ljava/net/URLClassLoader$1
Ljava/util/TreeMap$Values
Ljava/text/spi/BreakIteratorProvider
Lsun/net/InetAddressCachePolicy$2
Lsun/text/resources/FormatData_ms_MY
Ljava/util/concurrent/ScheduledThreadPoolExecutor$DelayedWorkQueue
Ljava/util/concurrent/ThreadPoolExecutor$Worker
Ljava/lang/reflect/AnnotatedElement
Lsun/text/resources/FormatData_ms
Ljava/util/Collections$SingletonList
Lsun/io/CharToByteCp1383
Lsun/text/resources/FormatData_es_BO
Lsun/io/CharToByteCp33722
Ljava/util/regex/Pattern$Conditional
Ljava/io/RandomAccessFile
Lsun/io/CharToByteCp1143
Lsun/nio/cs/ext/IBM1143
Lsun/io/CharToByteCp852
Lsun/text/resources/FormatData_sl_SI
Ljava/util/concurrent/LinkedBlockingDeque$DescendingItr
Ljava/util/Observable
Ljava/util/Observer
Lsun/text/resources/FormatData_et
Ljava/lang/management/RuntimeMXBean
Ljava/io/ObjectInputStream$GetFieldImpl
Ljava/io/PipedInputStream
Ljava/io/PipedOutputStream
Ljava/lang/reflect/UndeclaredThrowableException
Lsun/text/resources/CollationData_ro
Lsun/net/www/protocol/http/AuthenticationHeader$1
Lsun/text/resources/CollationData_el
Ljava/io/UnixFileSystem
Lsun/management/MonitorInfoCompositeData
Lsun/text/resources/CollationData_ru
Lsun/text/resources/FormatData_da_DK
Ljava/lang/annotation/Target
Lsun/io/CharToByteCp868
Lsun/text/resources/FormatData_ro
Ljava/lang/Terminator
Lsun/misc/SignalHandler
Lsun/io/ByteToCharCp420
Lsun/nio/cs/ext/IBM420
Lsun/io/ByteToCharCp1252
Lsun/nio/cs/MS1252
Ljava/util/concurrent/atomic/AtomicBoolean
Ljava/util/TreeMap$BoundedDescendingValueIterator
Lsun/io/CharToByteISO2022JP
Ljava/lang/reflect/GenericSignatureFormatError
Lsun/io/ByteToCharCp1140
Lsun/io/CharToByteMS950_HKSCS
Lsun/io/CharToByteHKSCS
Lsun/io/CharToByteMS950
Lsun/nio/cs/ext/HKSCS
Lsun/io/CharToByteMS932DB
Ljava/util/concurrent/atomic/AtomicReferenceFieldUpdater$AtomicReferenceFieldUpdaterImpl
Ljava/util/zip/DeflaterInputStream
Ljava/math/BigDecimal$StringBuilderHelper
Lsun/net/www/protocol/gopher/GopherInputStream
Lsun/io/CharToByteMacHebrew
Lsun/nio/cs/ext/MacHebrew
Lsun/io/ByteToCharCp1046
Lsun/nio/cs/ext/IBM1046
Lsun/io/CharToByteCp871
Ljava/applet/AppletStub
Lsun/io/ByteToCharISO8859_6
Ljava/net/Parts
Lsun/nio/cs/ext/MS950
Ljava/lang/ref/Finalizer$1
Lsun/io/CharToByteCp950
Ljava/util/logging/LogManager$2
Ljava/util/SimpleTimeZone
Lsun/io/CharToByteCp949
Lsun/nio/cs/ext/IBM949
Lerco/activations/hedc/Tester
Lerco/activations/hedc/Tester$Driver
Ljava/net/DatagramSocket$1
Ljava/net/DatagramSocket
Ljava/lang/Byte$ByteCache
[Ljava/lang/Byte
Lsun/net/www/protocol/http/InMemoryCookieStore
Lsun/text/resources/CollationData_tr
[Ljava/lang/ThreadLocal$ThreadLocalMap$Entry
Ljava/lang/ThreadLocal$1
Lsun/io/CharToByteMS932
Ljava/net/MulticastSocket
Lsun/text/resources/FormatData_en_PH
Ljava/io/Flushable
Ljava/util/Formatter$FormatString
[Ljava/util/Formatter$FormatString
Ljava/util/Formatter$FixedString
Lsun/io/ByteToCharMS874
Ljava/util/prefs/MacOSXPreferencesFile$FlushTask
Ljava/util/prefs/MacOSXPreferencesFile
Ljava/util/prefs/MacOSXPreferencesFile$1
Ljava/lang/management/GarbageCollectorMXBean
Ljava/lang/management/MemoryManagerMXBean
Lsun/net/www/content/image/jpeg
Ljava/util/concurrent/Executors$PrivilegedCallableUsingCurrentClassLoader$1
[[B
Ljava/io/PushbackReader
Lerco/activations/hedc/TaskFactory
Ljava/net/URLClassLoader$2
Lsun/text/resources/CollationData_es
Lsun/text/resources/FormatData_en_IN
Ljava/util/logging/SocketHandler
Ljava/lang/ref/PhantomReference
Ljava/util/EnumMap$EntryIterator
Ljava/text/Bidi
Ljava/awt/font/TextAttribute
Ljava/awt/font/NumericShaper
Lsun/text/resources/FormatData_ru_RU
Lsun/io/CharToByteCp500
Lsun/net/www/http/KeepAliveCache$1
Ljava/util/zip/GZIPOutputStream
Ljava/util/concurrent/ConcurrentSkipListMap$Values
Ljava/util/concurrent/ConcurrentSkipListMap$EntrySet
Ljava/util/concurrent/ConcurrentSkipListMap$SubMap$SubMapEntryIterator
Ljava/util/FormattableFlags
Lsun/net/www/MimeLauncher
Lsun/io/ByteToCharUnicodeBig
Lsun/io/CharToByteCp862
Lsun/text/resources/CollationData_sr
Lsun/net/httpserver/SelectorCache$SelectorWrapper
Ljava/io/OptionalDataException
Ljava/util/logging/LogManager$Cleaner
Ljava/lang/management/ClassLoadingMXBean
Ljava/util/zip/Checksum
Ljava/lang/System$1
Lsun/text/resources/FormatData_cs
Lsun/net/www/protocol/jar/JarFileFactory
Lsun/net/util/URLUtil
Lsun/net/www/content/audio/wav
Ljava/util/concurrent/ConcurrentSkipListMap$Index
Ljava/lang/SecurityManager$2
Lsun/io/ByteToCharSJIS
Lsun/io/CharToByteCp935
Lsun/nio/cs/ext/IBM935
Lsun/text/resources/FormatData_en_MT
Lsun/text/normalizer/RuleCharacterIterator
Lsun/text/normalizer/UnicodeMatcher
Lsun/text/normalizer/UnicodeSet$Filter
Lsun/text/normalizer/UnicodeSet$VersionFilter
Lsun/io/CharToByteCp865
Lsun/nio/cs/ext/IBM865
Lsun/text/resources/CollationData_sv
Lsun/text/resources/CollationData_uk
Ljava/util/EventListenerProxy
Ljava/util/EventListener
Ljava/util/TreeMap$UnboundedValueIterator
Lsun/io/ByteToCharMacAutomatic
Lsun/io/CharToByteCp1254
Lsun/nio/cs/MS1254
Lsun/io/CharToByteCp1098
Lsun/nio/cs/ext/IBM1098
Lsun/misc/ASCIICaseInsensitiveComparator
Lregexp/GroupReference
Ljava/util/prefs/FileSystemPreferences$9
Lsun/io/CharToByteCp1251
Lsun/nio/cs/MS1251
Lsun/io/CharToByteCp861
Lsun/net/www/protocol/https/Handler
Lsun/net/www/protocol/https/HttpsURLConnectionImpl
Lsun/io/ByteToCharCp875
Lsun/nio/cs/ext/IBM875
Ljava/net/URLClassLoader$5
[Ljava/net/URL
Ljava/net/FactoryURLClassLoader
Ljava/util/jar/Pack200
Ljava/util/jar/Pack200$Unpacker
Lsun/text/resources/FormatData_in
Lsun/io/CharToByteMacRomania
Ljava/util/Collections$EmptyMap
Lsun/net/TelnetProtocolException
Lsun/text/resources/FormatData_fi
Lsun/text/resources/FormatData_sr_ME
Lsun/io/ByteToCharCp1145
Lsun/io/ByteToCharCp284
Lsun/net/www/protocol/file/FileURLConnection
Lsun/net/idn/Punycode
Lsun/io/CharToByteCp1149
Lsun/nio/cs/ext/IBM1149
Ljava/util/jar/JarOutputStream
Lsun/net/www/protocol/jar/JarURLConnection$JarURLInputStream
Lsun/text/normalizer/NormalizerImpl$FCDTrieImpl
Lsun/text/normalizer/IntTrie
Lsun/text/normalizer/NormalizerImpl$DecomposeArgs
Lsun/text/normalizer/NormalizerImpl$NextCCArgs
Lsun/text/normalizer/NormalizerImpl$ComposePartArgs
[Lsun/text/normalizer/UnicodeSet
Lsun/io/ByteToCharMS950_HKSCS
Lsun/io/ByteToCharHKSCS
Lsun/io/ByteToCharMS950
Lsun/text/resources/FormatData_mk
Lsun/util/calendar/Gregorian$Date
Lsun/util/calendar/JulianCalendar
Lsun/util/calendar/JulianCalendar$Date
[Lsun/util/calendar/Era
Lsun/util/BuddhistCalendar
Ljava/util/JapaneseImperialCalendar
Ljava/lang/reflect/ParameterizedType
Lsun/io/CharToByteCp1146
Lsun/nio/cs/ext/IBM1146
Lsun/text/resources/FormatData_hr_HR
Lsun/io/CharToByteCp420
Lsun/io/CharToByteISO2022CN_GB
Lsun/io/ByteToCharISO8859_2
Lsun/nio/cs/ISO_8859_2
Ljava/lang/ExceptionInInitializerError
Lsun/net/www/protocol/file/Handler
Lsun/io/CharToByteUnicodeLittle
[Lerco/activations/hedc/MetaSearchResult
Lsun/net/ProgressMeteringPolicy
Lsun/net/DefaultProgressMeteringPolicy
Ljava/lang/Character$CharacterCache
Lsun/io/CharToByteMS949
Lsun/nio/cs/ext/MS949
Ljava/net/URLDecoder
Ljava/util/WeakHashMap$KeyIterator
Ljava/util/WeakHashMap$HashIterator
Ljava/util/WeakHashMap$Entry
[Ljava/util/WeakHashMap$Entry
Ljava/util/concurrent/locks/AbstractQueuedLongSynchronizer$ConditionObject
Ljava/util/concurrent/locks/AbstractQueuedLongSynchronizer
Ljava/util/ResourceBundle$RBClassLoader$1
Ljava/text/CollationRules
[Ljava/net/Proxy$Type
Lsun/text/resources/FormatData_en_AU
Ljava/lang/Short$ShortCache
Ljava/lang/Package$1PackageInfoProxy
Lsun/net/www/protocol/netdoc/Handler
Lsun/io/CharToByteKOI8_R
Lregexp/ContextMatch
Lsun/text/resources/FormatData_in_ID
Ljava/awt/AWTPermission
Ljava/lang/SecurityManager$1
Ljava/security/SecurityPermission
Lsun/io/CharToByteCp1141
Lsun/nio/cs/ext/IBM1141
Lsun/io/ByteToCharISO8859_8
Lsun/io/CharToByteCp1148
Lsun/nio/cs/ext/IBM1148
Ljava/util/concurrent/ScheduledThreadPoolExecutor$DelayedWorkQueue$1
Ljava/util/concurrent/ScheduledThreadPoolExecutor$1
Ljava/text/spi/DateFormatProvider
Ljava/util/Collections$CheckedSortedSet
[Ljava/lang/Runnable
Ljava/util/concurrent/ConcurrentSkipListMap$EntryIterator
Lsun/text/resources/FormatData
Ljava/net/Inet6AddressImpl
Ljava/net/CookieStore
Lsun/text/resources/FormatData_it
Lsun/nio/cs/ext/JIS_X_0212_Decoder
Ljava/lang/management/ThreadInfo$1
Lsun/io/CharToByteCp1255
Ljava/io/ObjectInputStream$1
Lsun/io/ByteToCharISO8859_3
Ljava/lang/annotation/ElementType
[Ljava/lang/annotation/ElementType
Lsun/io/ByteToCharCp1251
Lsun/io/ByteToCharMacTurkish
Ljava/util/Collections$EmptyList
Ljava/util/regex/Pattern$Category
Lsun/io/CharToByteCp1145
Lsun/nio/cs/ext/IBM1145
Ljava/util/logging/LogManager$3
Lsun/io/ByteToCharCp970
Lsun/nio/cs/ext/IBM970
Ljava/util/Collections$ReverseComparator
Ljava/util/TreeMap$BoundedValueIterator
Ljava/io/StringBufferInputStream
Lsun/io/CharToByteCp1257
Lsun/io/ByteToCharISO2022JP
Ljava/util/TreeMap$DescendingKeyIterator
Lsun/text/resources/CollationData_hu
Lsun/text/resources/CollationData_bg
Lsun/text/resources/FormatData_es_MX
Ljava/util/InvalidPropertiesFormatException
Ljava/lang/StringValue$StringProfile
Ljava/lang/StringValue$1
Lsun/io/CharToByteMacAutomatic
Lsun/io/CharToByteCp869
Lsun/io/ByteToCharEUC_JP_Solaris
Ljava/util/concurrent/atomic/AtomicIntegerArray
Ljava/util/IdentityHashMap$KeySet
Ljava/util/WeakHashMap$KeySet
Lsun/io/ByteToCharCp858
Lsun/io/ByteToCharCp850
Ljava/lang/ProcessEnvironment$StringEnvironment
Lsun/io/ByteToCharISO8859_7
Ljava/util/TreeMap$DescendingSubMap$DescendingEntrySetView
Ljava/util/TreeMap$UnboundedDescendingEntryIterator
Ljava/util/zip/ZipConstants
Lsun/misc/FloatConsts
Lsun/io/ByteToCharCp937
Lsun/io/ByteToCharMS949
Ljava/util/prefs/MacOSXPreferencesFile$SyncTask
Ljava/util/concurrent/SynchronousQueue$TransferQueue$QNode
Lsun/io/ByteToCharCp1026
Lsun/io/ByteToCharMacGreek
Lsun/nio/cs/ext/MacGreek
Lsun/misc/JavaIOAccess
Ljava/nio/channels/spi/SelectorProvider
Ljava/nio/channels/Channel
Lsun/misc/Version
Lsun/io/CharToByteUnicodeBigUnmarked
Ljava/util/XMLUtils$Resolver
Ljava/lang/ref/Finalizer$3
Lsun/io/ByteToCharCp1142
Ljava/util/Collections$CopiesList
Ljava/beans/PropertyChangeSupport
Ljava/util/logging/LoggingPermission
Ljava/util/logging/Logging
Lsun/net/idn/UCharacterEnums
Lsun/net/www/content/image/x_xpixmap
Lsun/text/resources/FormatData_sr_CS
Ljava/io/FilenameFilter
Ljava/io/FileFilter
Ljava/security/AccessControlException
Ljava/util/logging/ConsoleHandler
Ljava/net/IDN
Ljava/util/Timer$1
Ljava/lang/UnsupportedClassVersionError
Ljava/math/BigDecimal$1
Lsun/io/CharToByteCp1252
Ljava/lang/UnknownError
Lcom/sun/net/httpserver/HttpServer
Ljava/nio/channels/ServerSocketChannel
Ljava/nio/channels/SelectableChannel
Lsun/net/httpserver/ServerImpl$Dispatcher
Lsun/net/httpserver/ServerImpl$DefaultExecutor
Lcom/sun/net/httpserver/HttpContext
Lorg/w3c/dom/Document
Lorg/w3c/dom/NodeList
Lorg/w3c/dom/Node
Lorg/w3c/dom/Element
Ljavax/xml/parsers/DocumentBuilderFactory
Ljavax/xml/parsers/DocumentBuilder
Ljavax/xml/parsers/ParserConfigurationException
Lorg/w3c/dom/Text
Ljavax/xml/transform/TransformerFactory
Ljavax/xml/transform/Transformer
Ljavax/xml/transform/dom/DOMSource
Ljavax/xml/transform/stream/StreamResult
Ljavax/xml/transform/TransformerConfigurationException
Ljavax/xml/transform/TransformerException
Lsun/io/CharToByteTIS620
Lsun/nio/cs/ext/TIS_620
Ljava/util/LocaleISOData
Ljava/lang/management/ManagementFactory
Ljava/lang/management/ThreadMXBean
Ljava/lang/management/OperatingSystemMXBean
Ljavax/management/MBeanServerPermission
Ljavax/management/MBeanServer
Ljavax/management/MBeanServerConnection
Ljavax/management/ObjectName
Ljavax/management/JMX
Ljavax/management/InstanceNotFoundException
Ljavax/management/MalformedObjectNameException
[[S
[[Z
Ljava/util/UUID
Lerco/activations/hedc/MetaSearch
Lsun/text/normalizer/UProperty
Lsun/text/resources/CollationData_et
Lsun/io/ByteToCharBig5_Solaris
Lsun/io/CharToByteCp866
Lsun/nio/cs/IBM866
Lsun/misc/BASE64Encoder
Ljava/util/Collections$UnmodifiableSortedSet
Ljava/util/Collections$SynchronizedMap
Ljava/util/Collections$SynchronizedSortedMap
Ljava/util/Collections$CheckedRandomAccessList
Lsun/net/httpserver/SSLStreams$1
[Ljavax/net/ssl/SSLEngineResult$HandshakeStatus
Lsun/text/resources/FormatData_mt_MT
Lsun/io/CharToByteISO8859_9
Ljava/util/concurrent/ConcurrentSkipListMap$ValueIterator
Lsun/text/resources/FormatData_es_GT
Lsun/io/ByteToCharCp918
Lsun/nio/cs/ext/IBM918
Lsun/text/resources/FormatData_tr
Lsun/io/ByteToCharUnicodeBigUnmarked
Lsun/text/resources/CollationData_sl
Ljava/util/prefs/FileSystemPreferences$7
Lregexp/Alternatives
[Ljava/util/regex/Pattern$Node
Lsun/io/CharToByteCp943C
Lregexp/CompilerState
Lregexp/Group
Lregexp/Dot
Lsun/io/ByteToCharCp865
Lsun/io/ByteToCharCp870
Lsun/text/resources/FormatData_ga
Lsun/net/www/content/image/x_xbitmap
Lsun/text/resources/FormatData_es_AR
Lsun/io/CharToByteCp942C
Lsun/io/CharToByteCp1046
Lsun/net/httpserver/ServerImpl$1
Lsun/io/CharToByteBig5_Solaris
Lsun/net/idn/UCharacterEnums$ECharacterCategory
Lsun/io/ByteToCharMS932
Lsun/io/CharToByteEUC_KR
Lsun/io/CharToByteISCII91
Lsun/nio/cs/ext/ISCII91
Lsun/io/ByteToCharCp1006
Ljava/lang/reflect/MalformedParameterizedTypeException
Ljava/net/ConnectException
Ljava/io/LineNumberReader
Lsun/io/CharToByteUTF8
Lsun/io/ByteToCharMacHebrew
Ljava/util/prefs/MacOSXPreferencesFactory
Ljava/util/prefs/MacOSXPreferences
Ljava/io/LineNumberInputStream
Lsun/text/resources/FormatData_uk
Lsun/text/resources/CollationData_hr
Lsun/text/resources/FormatData_sv
Lsun/io/ByteToCharMacUkraine
Lsun/text/resources/FormatData_nl
Ljava/text/RBCollationTables$1
Lsun/io/CharToByteCp285
Ljava/lang/VerifyError
Ljava/util/prefs/MacOSXPreferencesFile$2
Lsun/io/ByteToCharEUC_JP_LINUX
Lsun/text/resources/FormatData_uk_UA
Lsun/io/ByteToCharMacRoman
Lsun/io/ByteToCharCp935
Ljava/util/prefs/FileSystemPreferences$Put
Lsun/io/ByteToCharCp1141
Ljava/util/concurrent/BlockingDeque
Lsun/io/CharToByteCp1253
Ljava/text/DigitList$1
Lsun/io/ByteToCharMacDingbat
Lsun/text/resources/FormatData_fr_FR
Ljava/util/concurrent/locks/ReadWriteLock
Ljava/util/concurrent/ConcurrentSkipListMap$HeadIndex
Ljava/lang/management/MemoryNotificationInfo
Ljava/lang/management/MemoryUsage
Lsun/management/MemoryNotifInfoCompositeData
[Lsun/net/www/protocol/http/AuthCacheValue$Type
Ljava/util/WeakHashMap$EntryIterator
Lsun/io/ByteToCharCp855
Ljava/util/prefs/FileSystemPreferences$11
[Ljava/math/BigDecimal
Lsun/io/CharToByteCp970
Lsun/io/CharToByteCp1025
Ljava/lang/annotation/Retention
Lsun/io/ByteToCharMacSymbol
Lsun/nio/cs/ext/MacSymbol
Lsun/io/ByteToCharCp1256
Ljava/util/WeakHashMap$EntrySet
Lsun/io/CharToByteCp875
Ljava/util/logging/MemoryHandler
[Ljava/util/logging/LogRecord
Ljava/lang/annotation/Documented
Ljava/util/IdentityHashMap$KeyIterator
Ljava/util/prefs/FileSystemPreferences$6
Ljava/util/prefs/FileSystemPreferences$Remove
Ljava/util/prefs/FileSystemPreferences$4
Lsun/io/ByteToCharMacIceland
Ljava/util/concurrent/CompletionService
Lsun/io/ByteToCharISCII91
Lsun/io/CharToByteCp858
Lsun/nio/cs/IBM858
Ljava/io/FilterWriter
Lsun/io/CharToByteCp918
Lsun/text/resources/FormatData_it_IT
Lsun/text/resources/FormatData_ro_RO
Ljava/lang/SuppressWarnings
Ljava/util/TreeMap$SubMap
Ljava/text/ChoiceFormat
[Ljava/lang/StringBuffer
Lsun/io/CharToBytePCK
Lsun/security/action/GetLongAction
Lsun/io/ByteToCharCp866
Lsun/text/resources/FormatData_nl_BE
Lsun/io/CharToByteCp930
Lsun/io/CharToByteMacGreek
Ljava/net/SocksConsts
Lsun/security/util/SignatureFileVerifier
Lsun/security/util/ManifestDigester
Lsun/security/pkcs/ParsingException
Ljava/security/SignatureException
Ljava/security/cert/CertPath
Ljava/util/jar/JarVerifier$VerifierCodeSource
Lsun/text/resources/FormatData_fr_BE
Lsun/io/CharToByteCp1097
Lsun/nio/cs/ext/IBM1097
Lsun/text/resources/CollationData_is
Lsun/io/CharToByteISO2022KR
Ljava/net/URLEncoder
Ljava/util/concurrent/ThreadPoolExecutor$DiscardOldestPolicy
Lsun/text/resources/FormatData_et_EE
Ljava/lang/StringValue$StringCache
Lsun/text/resources/FormatData_en_NZ
Lsun/io/ByteToCharISO8859_13
Lsun/io/ByteToCharCp1097
Lsun/io/CharToByteCp838
Ljava/nio/channels/CancelledKeyException
Lsun/net/www/content/image/png
Lsun/text/resources/FormatData_be
Ljava/math/SignedMutableBigInteger
Lsun/io/ByteToCharCp1146
Lsun/io/ByteToCharCp1124
Lsun/io/CharToByteCp921
Lsun/io/CharToByteBig5_HKSCS
Lsun/management/MemoryUsageCompositeData
Ljava/lang/Cloneable
Lsun/text/normalizer/UCharacter$ECharacterCategory
[Ljava/util/concurrent/ConcurrentSkipListMap$Index
Lsun/text/resources/FormatData_es_VE
Lsun/io/ByteToCharCp1143
Lsun/io/ByteToCharCp1254
Ljava/net/URLClassLoader$6
Lsun/io/CharToByteCp1142
Lsun/nio/cs/ext/IBM1142
Ljava/net/CookieManager
Ljava/io/ObjectInputStream$Caches
Lsun/io/ByteToCharUTF16
Lsun/io/ByteToCharGBK
Ljava/util/zip/CheckedOutputStream
[Ljava/util/prefs/Preferences
Lorg/w3c/dom/DOMImplementation
Lorg/w3c/dom/DocumentType
[Ljava/lang/Character$UnicodeBlock
Ljava/util/regex/Pattern$GroupRef
Ljava/util/concurrent/atomic/AtomicReferenceArray
[Ljava/text/Format
Lsun/io/CharToByteMS936
Lsun/io/ByteToCharTIS620
Ljava/util/prefs/FileSystemPreferencesFactory
Lsun/io/ByteToCharCp1122
Lsun/io/CharToByteCp949C
Lsun/nio/cs/ext/IBM949C
Lsun/io/CharToByteCp863
Lsun/text/resources/FormatData_pl_PL
[Ljava/util/TimerTask
Lsun/text/normalizer/UCharacter$HangulSyllableType
Lsun/text/normalizer/RangeValueIterator
Lsun/text/resources/FormatData_de_LU
Lsun/text/resources/FormatData_da
Lsun/misc/ProxyGenerator
Ljava/lang/String$1
Lsun/io/ByteToCharCp1098
Lsun/util/calendar/LocalGregorianCalendar
Lsun/util/calendar/LocalGregorianCalendar$Date
Ljava/net/URLClassLoader$7
Lsun/io/CharToByteMacSymbol
Lsun/io/CharToByteISO8859_2
Lsun/text/resources/FormatData_el_CY
Lsun/io/ByteToCharPCK
Lsun/io/ByteToCharCp424
