Ljava/io/OutputStream
Ljava/lang/Object
[B
Ljava/lang/NullPointerException
Ljava/lang/IndexOutOfBoundsException
Ljava/lang/StringBuilder
Ljava/lang/Class
Ljava/lang/String
Ljava/lang/Integer
Ljava/lang/IllegalArgumentException
Ljava/lang/ProcessEnvironment$StringValues
Ljava/util/Collection
Ljava/util/AbstractCollection
Ljava/lang/ProcessEnvironment$StringValues$1
Ljava/lang/ProcessEnvironment$Value
Ljava/util/Iterator
[Ljava/lang/Object
Ljava/util/Arrays
Ljava/lang/reflect/Array
Ljava/lang/OutOfMemoryError
Ljava/lang/UnsupportedOperationException
Ljava/lang/AbstractStringBuilder
[C
Ljava/lang/StringIndexOutOfBoundsException
Ljava/lang/Character
Ljava/lang/System
Ljava/lang/StringBuffer
Ljava/lang/CharSequence
[I
Ljava/lang/Long
Lsun/misc/FloatingDecimal
Ljava/lang/SecurityException
Ljava/lang/RuntimeException
Ljava/lang/Throwable
Ljava/lang/Exception
Ljava/lang/IllegalStateException
Ljava/io/PrintStream
Ljava/lang/StackTraceElement
[Ljava/lang/StackTraceElement
Ljava/io/PrintWriter
Ljava/io/ObjectOutputStream
Ljava/util/concurrent/locks/ReentrantReadWriteLock$Sync
Ljava/util/concurrent/locks/AbstractQueuedSynchronizer
Ljava/util/concurrent/locks/ReentrantReadWriteLock$Sync$ThreadLocalHoldCounter
Ljava/lang/Thread
Ljava/lang/IllegalMonitorStateException
Ljava/lang/Error
Ljava/util/concurrent/locks/ReentrantReadWriteLock$Sync$HoldCounter
Ljava/util/concurrent/locks/AbstractQueuedSynchronizer$ConditionObject
Ljava/io/ObjectInputStream
Ljava/util/concurrent/locks/AbstractOwnableSynchronizer
Lsun/misc/Unsafe
Ljava/util/concurrent/locks/AbstractQueuedSynchronizer$Node
Ljava/util/concurrent/locks/LockSupport
Ljava/lang/InterruptedException
Ljava/util/ArrayList
Ljava/lang/reflect/Field
Ljava/util/TreeMap$BoundedEntryIterator
Ljava/util/TreeMap$Node
Ljava/util/TreeMap
Ljava/util/TreeMap$BoundedMapIterator
Ljava/util/TreeMap$Entry
Ljava/util/Map$Entry
Ljava/util/TreeMap$AbstractMapIterator
Ljava/util/ConcurrentModificationException
Ljava/util/NoSuchElementException
Ljava/lang/ref/ReferenceQueue$Lock
Ljava/lang/ref/ReferenceQueue$1
Ljava/lang/ThreadDeath
Ljava/util/regex/Pattern$CIBackRef
Ljava/util/regex/Pattern$Node
Ljava/util/regex/Matcher
Ljava/util/regex/ASCII
Ljava/util/regex/Pattern$TreeInfo
Ljava/util/Queue
Ljava/lang/Iterable
Ljava/lang/ref/ReferenceQueue$Null
Ljava/lang/ref/ReferenceQueue
Ljava/lang/ref/Reference
Lsun/misc/VM
Ljava/io/ObjectStreamClass$2
Ljava/io/ObjectStreamClass
Ljava/io/ObjectStreamField
[Ljava/io/ObjectStreamField
Ljava/io/InvalidClassException
Ljava/lang/reflect/Constructor
[Ljava/lang/Class
Ljava/lang/reflect/Method
Ljava/util/concurrent/ScheduledFuture
Ljava/util/concurrent/Delayed
Ljava/util/concurrent/TimeUnit
Ljava/lang/Comparable
Ljava/util/concurrent/Future
Ljava/util/prefs/FileSystemPreferences$5$1
Ljava/util/prefs/FileSystemPreferences$5
Ljava/util/Timer
Ljava/util/prefs/FileSystemPreferences
Lsun/nio/ch/Interruptible
Ljava/lang/ThreadGroup
Ljava/lang/Runnable
Ljava/lang/SecurityManager
Ljava/lang/RuntimePermission
Ljava/lang/ClassLoader
Ljava/security/AccessControlContext
Ljava/security/AccessController
Ljava/lang/ThreadLocal$ThreadLocalMap
Ljava/lang/ThreadLocal
Ljava/lang/IllegalThreadStateException
Ljava/lang/NoSuchMethodError
[Ljava/lang/Thread
[[Ljava/lang/StackTraceElement
Ljava/util/HashMap
Ljava/util/Map
Lsun/misc/SoftCache
Ljava/lang/Boolean
Ljava/lang/Thread$1
Ljava/lang/Thread$State
Ljava/lang/Thread$UncaughtExceptionHandler
Ljava/util/concurrent/ThreadPoolExecutor$CallerRunsPolicy
Ljava/util/concurrent/ThreadPoolExecutor
Ljava/util/concurrent/locks/ReentrantReadWriteLock$ReadLock
Ljava/util/concurrent/locks/ReentrantReadWriteLock
Ljava/lang/annotation/Inherited
Ljava/lang/annotation/Annotation
[Ljava/util/concurrent/TimeUnit
Ljava/lang/Enum
Ljava/lang/AbstractMethodError
Ljava/util/concurrent/TimeUnit$1
Ljava/util/concurrent/TimeUnit$2
Ljava/util/concurrent/TimeUnit$3
Ljava/util/concurrent/TimeUnit$4
Ljava/util/concurrent/TimeUnit$5
Ljava/util/concurrent/TimeUnit$6
Ljava/util/concurrent/TimeUnit$7
Ljava/lang/CloneNotSupportedException
Ljava/lang/ClassCastException
Ljava/io/InvalidObjectException
Ljava/util/regex/Pattern$SliceIS
Ljava/util/regex/Pattern$SliceNode
Ljava/util/prefs/XmlSupport$EH
Lorg/xml/sax/SAXParseException
Ljava/util/prefs/XmlSupport$1
Ljava/util/concurrent/locks/ReentrantLock$NonfairSync
Ljava/util/concurrent/locks/ReentrantLock$Sync
Ljava/util/JumboEnumSet$EnumSetIterator
Ljava/util/JumboEnumSet
[J
[Ljava/lang/Enum
Ljava/lang/IllegalAccessException
Ljava/lang/Class$1
Ljava/lang/InstantiationException
Lsun/reflect/Reflection
Ljava/lang/reflect/InvocationTargetException
Ljava/lang/NoSuchMethodException
Lsun/reflect/generics/repository/ClassRepository
Ljava/lang/reflect/TypeVariable
[Ljava/lang/reflect/TypeVariable
Ljava/lang/reflect/Type
Ljava/lang/Package
[Ljava/lang/reflect/Type
Ljava/lang/Class$EnclosingMethodInfo
Lsun/reflect/generics/factory/GenericsFactory
Lsun/reflect/generics/repository/MethodRepository
[Ljava/lang/reflect/Method
Ljava/lang/InternalError
Ljava/lang/reflect/GenericArrayType
Lsun/reflect/generics/repository/ConstructorRepository
[Ljava/lang/reflect/Constructor
Ljava/lang/Class$2
[Ljava/lang/reflect/Field
Ljava/lang/NoSuchFieldException
Ljava/io/InputStream
Ljava/net/URL
Ljava/security/ProtectionDomain
Ljava/security/Permissions
Ljava/security/AllPermission
Lsun/reflect/generics/scope/ClassScope
Lsun/reflect/generics/factory/CoreReflectionFactory
Ljava/lang/ref/SoftReference
Ljava/util/Set
Ljava/util/HashSet
Ljava/util/List
Ljava/lang/Class$MethodArray
Ljava/lang/reflect/Modifier
Lsun/reflect/ReflectionFactory
Lsun/reflect/ReflectionFactory$GetReflectionFactoryAction
Ljava/lang/Class$3
Ljava/lang/Class$4
[Ljava/lang/annotation/Annotation
Lsun/reflect/annotation/AnnotationParser
Lsun/reflect/ConstantPool
Lsun/reflect/annotation/AnnotationType
Ljava/util/concurrent/ConcurrentSkipListMap$SubMap$SubMapIter
Ljava/util/concurrent/ConcurrentSkipListMap$SubMap
Ljava/util/concurrent/ConcurrentSkipListMap$Node
Ljava/util/concurrent/ConcurrentSkipListMap
Ljava/util/Collections$SingletonSet$1
Ljava/util/Collections$SingletonSet
Ljava/io/SequenceInputStream
Ljava/util/Enumeration
Ljava/io/IOException
Ljava/util/Vector
Ljava/lang/Math
Ljava/util/ArrayDeque$1
Ljava/util/concurrent/Semaphore$Sync
Ljava/util/prefs/AbstractPreferences
Ljava/util/prefs/Preferences
Ljava/util/prefs/PreferenceChangeListener
[Ljava/util/prefs/PreferenceChangeListener
Ljava/util/prefs/NodeChangeListener
[Ljava/util/prefs/NodeChangeListener
[Ljava/lang/String
Ljava/lang/NumberFormatException
Ljava/lang/Float
Ljava/lang/Double
Ljava/util/prefs/Base64
Ljava/util/TreeSet
[Ljava/util/prefs/AbstractPreferences
Ljava/util/StringTokenizer
Ljava/util/prefs/BackingStoreException
Ljava/util/prefs/AbstractPreferences$1
Ljava/util/prefs/AbstractPreferences$EventDispatchThread
Ljava/util/prefs/PreferenceChangeEvent
Ljava/util/prefs/AbstractPreferences$NodeAddedEvent
Ljava/util/prefs/AbstractPreferences$NodeRemovedEvent
Ljava/util/prefs/XmlSupport
Ljava/util/LinkedList
Ljava/util/prefs/Preferences$1
Ljava/util/prefs/PreferencesFactory
Ljava/util/prefs/Preferences$2
Lsun/misc/Service
Lsun/misc/ServiceConfigurationError
Ljava/security/Permission
Ljava/util/jar/JarException
Ljava/util/zip/ZipException
Ljava/util/regex/Pattern$CharPropertyNames$6
Ljava/util/regex/Pattern$CharPropertyNames$CloneableProperty
Ljava/util/regex/Pattern$CharProperty
Ljava/lang/AssertionError
Ljava/util/regex/Pattern$1
Ljava/util/regex/Pattern$CharProperty$1
Ljava/util/concurrent/atomic/AtomicLong
Ljava/lang/Number
Ljava/util/AbstractQueue
Ljava/lang/annotation/IncompleteAnnotationException
Ljava/util/concurrent/SynchronousQueue
Ljava/util/concurrent/SynchronousQueue$TransferQueue
Ljava/util/concurrent/SynchronousQueue$TransferStack
Ljava/util/concurrent/SynchronousQueue$Transferer
Ljava/util/concurrent/SynchronousQueue$EmptyIterator
Ljava/util/concurrent/locks/ReentrantLock
Ljava/util/concurrent/SynchronousQueue$FifoWaitQueue
Ljava/util/concurrent/SynchronousQueue$LifoWaitQueue
Ljava/util/concurrent/SynchronousQueue$WaitQueue
Ljava/lang/Runtime
Ljava/lang/Void
Ljava/util/regex/Pattern$Curly
Lsun/misc/FloatingDecimal$HexFloatPattern
Ljava/util/regex/Pattern
Ljava/lang/ClassCircularityError
Ljava/lang/LinkageError
Ljava/util/logging/LogRecord
Ljava/util/logging/Level
Ljava/util/ResourceBundle
Ljava/util/MissingResourceException
Ljava/util/EnumMap$KeyIterator
Ljava/util/EnumMap
Ljava/util/EnumMap$EnumMapIterator
Ljava/util/EnumMap$1
Ljava/lang/ProcessEnvironment$StringEntry
Ljava/lang/ProcessEnvironment$Variable
Ljava/util/Stack
Ljava/util/EmptyStackException
Ljava/util/AbstractList
Ljava/util/Vector$1
Ljava/lang/ArrayIndexOutOfBoundsException
Ljava/util/Collections
Ljava/util/ListIterator
Ljava/util/AbstractList$Itr
Ljava/util/AbstractList$ListItr
Ljava/util/RandomAccessSubList
Ljava/util/SubList
Ljava/util/concurrent/atomic/AtomicLongArray
Ljava/util/TooManyListenersException
Ljava/util/Collections$EmptySet$1
Ljava/util/Collections$EmptySet
Ljava/io/ObjectOutputStream$PutField
Ljava/io/ObjectOutput
Ljava/util/Collections$UnmodifiableSet
Ljava/util/Collections$UnmodifiableCollection
Ljava/util/Collections$UnmodifiableCollection$1
Ljava/util/concurrent/Semaphore$NonfairSync
Ljava/io/NotSerializableException
Ljava/io/ObjectStreamException
Ljava/lang/CharacterDataUndefined
Ljava/util/TimerTask
Ljava/util/concurrent/CyclicBarrier
Ljava/util/concurrent/locks/Condition
Ljava/util/concurrent/CyclicBarrier$Generation
Ljava/util/concurrent/BrokenBarrierException
Ljava/util/concurrent/TimeoutException
Ljava/util/concurrent/Executors$PrivilegedCallable
Ljava/util/concurrent/Callable
Ljava/util/concurrent/Executors$PrivilegedCallable$1
Ljava/util/logging/FileHandler$InitializationErrorManager
Ljava/util/logging/ErrorManager
Ljava/util/logging/FileHandler$1
Ljava/util/Hashtable$EntrySet
Ljava/util/Hashtable
Ljava/util/AbstractSet
Ljava/util/Hashtable$Entry
[Ljava/util/Hashtable$Entry
Ljava/util/Hashtable$1
Ljava/util/regex/Pattern$UnixDollar
Ljava/util/logging/LogManager$4
Ljava/util/logging/Logger
Ljava/util/IllegalFormatPrecisionException
Ljava/util/IllegalFormatException
Ljava/util/concurrent/CopyOnWriteArrayList$COWSubListIterator
Ljava/util/concurrent/CopyOnWriteArrayList$1
Ljava/util/EnumSet
Ljava/util/RegularEnumSet
Lsun/misc/JavaLangAccess
Lsun/misc/SharedSecrets
Ljava/util/EnumSet$SerializationProxy
Ljava/util/regex/Pattern$CharPropertyNames$4
Ljava/util/regex/Pattern$CharPropertyNames$CharPropertyFactory
Ljava/util/regex/Pattern$Caret
Ljava/util/concurrent/ConcurrentSkipListMap$SubMap$SubMapValueIterator
Ljava/util/regex/Pattern$Pos
Ljava/util/regex/Pattern$SliceS
Ljava/util/regex/Pattern$SliceUS
Ljava/util/AbstractMap
Ljava/util/AbstractMap$1
Ljava/util/AbstractMap$2
Ljava/lang/ConditionalSpecialCasing
Ljava/util/Locale
Ljava/lang/ConditionalSpecialCasing$Entry
Ljava/text/BreakIterator
Lsun/text/Normalizer
[Ljava/lang/ConditionalSpecialCasing$Entry
Ljava/util/Collections$SetFromMap
Ljava/util/regex/Pattern$NotBehind
Ljava/lang/ApplicationShutdownHooks$1
Ljava/lang/ApplicationShutdownHooks
Ljava/lang/management/MemoryMXBean
Ljava/util/concurrent/CopyOnWriteArraySet
Ljava/util/concurrent/CopyOnWriteArrayList
[Z
Ljava/applet/AudioClip
Ljava/lang/reflect/ReflectAccess
Lsun/reflect/MethodAccessor
Lsun/reflect/ConstructorAccessor
Ljava/util/concurrent/ConcurrentSkipListMap$KeySet
Ljava/util/concurrent/ConcurrentNavigableMap
Ljava/util/Comparator
Ljava/util/NavigableSet
Ljava/util/concurrent/ConcurrentSkipListSet
Ljava/util/jar/JarVerifier$1
Ljava/util/jar/JarVerifier
Ljava/security/CodeSigner
[Ljava/security/CodeSigner
Ljava/lang/reflect/Member
Ljava/lang/IncompatibleClassChangeError
Ljava/lang/CharacterData00
[[[C
[[C
Ljava/lang/AssertionStatusDirectives
Ljava/util/TreeMap$ValueIterator
Ljava/util/TreeMap$PrivateEntryIterator
Lsun/misc/FormattedFloatingDecimal$2
Lsun/misc/FormattedFloatingDecimal$Form
[Lsun/misc/FormattedFloatingDecimal$Form
Ljava/lang/NoSuchFieldError
Ljava/util/regex/Pattern$First
Ljava/util/regex/Pattern$BnM
Ljava/util/Collections$CheckedCollection
Ljava/util/Collections$CheckedCollection$1
Ljava/lang/ArrayStoreException
Ljava/util/jar/JarFile$2
Ljava/util/jar/JarFile
Ljava/util/prefs/FileSystemPreferences$NodeCreate
Ljava/util/prefs/FileSystemPreferences$Change
Ljava/util/prefs/FileSystemPreferences$1
Ljava/util/concurrent/CountDownLatch
Ljava/util/concurrent/CountDownLatch$Sync
Ljava/lang/VirtualMachineError
Ljava/util/regex/Pattern$UnixDot
Ljava/util/EnumMap$KeySet
Ljava/lang/CharacterData0E
Ljava/util/Random
Ljava/lang/StrictMath
Ljava/io/ObjectInputStream$GetField
Ljava/io/StreamCorruptedException
Ljava/util/regex/Pattern$CharPropertyNames$18
Ljava/util/prefs/FileSystemPreferences$13
Ljava/util/logging/SimpleFormatter
Ljava/util/logging/Formatter
Ljava/util/Date
Lsun/security/action/GetPropertyAction
Ljava/text/MessageFormat
Ljava/io/StringWriter
Ljava/util/logging/Handler
Ljava/util/IdentityHashMap$ValueIterator
Ljava/util/IdentityHashMap
Ljava/util/IdentityHashMap$IdentityHashMapIterator
Ljava/util/IdentityHashMap$1
Ljava/math/MathContext
Ljava/math/RoundingMode
Ljava/util/concurrent/DelayQueue
Ljava/util/PriorityQueue
Ljava/util/concurrent/DelayQueue$Itr
Ljava/lang/UNIXProcess$2$1
Ljava/lang/UNIXProcess$2
Ljava/lang/UNIXProcess
Ljava/util/regex/Pattern$Loop
Ljava/util/concurrent/ExecutorCompletionService
Ljava/util/concurrent/AbstractExecutorService
Ljava/util/concurrent/FutureTask
Ljava/util/concurrent/RunnableFuture
Ljava/util/concurrent/Executor
Ljava/util/concurrent/LinkedBlockingQueue
Ljava/util/concurrent/BlockingQueue
Ljava/util/concurrent/ExecutorCompletionService$QueueingFuture
Ljava/io/Writer
Ljava/io/BufferedWriter
Ljava/io/OutputStreamWriter
Ljava/io/FileOutputStream
Ljava/io/File
Ljava/io/InterruptedIOException
Ljava/util/Formatter
Ljava/io/File$LazyInitialization
Ljava/io/FileSystem
Ljava/security/SecureRandom
Ljava/lang/management/MemoryPoolMXBean
Ljava/util/ServiceConfigurationError
Ljava/util/regex/Pattern$SingleS
Ljava/util/TreeMap$NavigableSubMap$SubMapKeyIterator
Ljava/util/TreeMap$NavigableSubMap
Ljava/util/TreeMap$NavigableSubMap$SubMapIterator
Ljava/lang/EnumConstantNotPresentException
Ljava/util/jar/Pack200$Packer
Ljava/util/jar/JarInputStream
Ljava/beans/PropertyChangeListener
Ljava/util/logging/LogManager$1
Ljava/util/logging/LogManager
Ljava/util/logging/LogManager$RootLogger
Ljava/lang/ClassNotFoundException
Ljava/util/Collections$AsLIFOQueue
Ljava/util/Deque
Ljava/lang/ref/Finalizer$FinalizerThread
Ljava/lang/ref/Finalizer
Ljava/util/jar/JarFile$4
Ljava/util/zip/ZipEntry
Ljava/util/regex/Pattern$SingleU
Ljava/util/TimeZone
Lsun/util/calendar/ZoneInfoFile
Ljava/util/TimeZone$DisplayNames
Lsun/util/TimeZoneNameUtility
Ljava/util/concurrent/ConcurrentHashMap
Lsun/util/calendar/ZoneInfo
Ljava/lang/InheritableThreadLocal
Ljava/util/TimeZone$1
Ljava/util/PropertyPermission
Ljava/util/IllegalFormatWidthException
Ljava/io/ObjectInputStream$ValidationList$1
Ljava/io/ObjectInputStream$ValidationList
Ljava/io/ObjectInputStream$ValidationList$Callback
Ljava/io/ObjectInputValidation
Ljava/util/Calendar$1
Ljava/util/Calendar
Ljava/lang/SystemClassLoaderAction
Ljava/lang/instrument/UnmodifiableClassException
Ljava/lang/instrument/ClassDefinition
Ljava/util/concurrent/locks/AbstractQueuedLongSynchronizer$Node
Ljava/util/Hashtable$KeySet
Ljava/lang/UNIXProcess$DeferredCloseInputStream
Ljava/io/FileDescriptor
Ljava/io/FileInputStream
Ljava/lang/UNIXProcess$1
Ljava/nio/channels/FileChannel
Lsun/nio/ch/FileChannelImpl
Ljava/util/Collections$SingletonMap
Ljava/util/AbstractMap$SimpleImmutableEntry
Ljava/util/RegularEnumSet$EnumSetIterator
Ljava/lang/management/CompilationMXBean
[Ljava/lang/Thread$State
Ljava/io/ByteArrayInputStream
Ljava/lang/reflect/WildcardType
Ljava/util/LinkedHashMap
Ljava/util/LinkedHashMap$Entry
Ljava/util/HashMap$Entry
[Ljava/util/HashMap$Entry
Ljava/util/LinkedHashMap$KeyIterator
Ljava/util/LinkedHashMap$ValueIterator
Ljava/util/LinkedHashMap$EntryIterator
Ljava/util/HashMap$FrontCache
Ljava/util/HashMap$KeyIterator
Ljava/util/HashMap$ValueIterator
Ljava/util/HashMap$EntryIterator
Ljava/util/HashMap$KeySet
Ljava/util/HashMap$Values
Ljava/util/HashMap$EntrySet
Ljava/lang/instrument/IllegalClassFormatException
Ljava/util/jar/JarVerifier$3
Ljava/applet/AppletContext
Ljava/io/ObjectStreamConstants
Ljava/io/SerializablePermission
Ljava/util/concurrent/ConcurrentHashMap$HashIterator
Ljava/util/concurrent/ConcurrentHashMap$Segment
[Ljava/util/concurrent/ConcurrentHashMap$Segment
Ljava/util/concurrent/ConcurrentHashMap$HashEntry
[Ljava/util/concurrent/ConcurrentHashMap$HashEntry
Ljava/io/ObjectOutputStream$BlockDataOutputStream
Ljava/io/ObjectOutputStream$HandleTable
Ljava/io/ObjectOutputStream$ReplaceTable
Ljava/io/ObjectOutputStream$DebugTraceInfoStack
Ljava/io/SerialCallbackContext
Ljava/io/NotActiveException
Ljava/io/ObjectOutputStream$PutFieldImpl
Ljava/util/concurrent/ConcurrentMap
Ljava/io/ObjectStreamClass$WeakClassKey
Ljava/io/ObjectOutputStream$1
[F
[D
[S
Ljava/io/Externalizable
Ljava/io/ObjectStreamClass$ClassDataSlot
[Ljava/io/ObjectStreamClass$ClassDataSlot
Lsun/security/action/GetBooleanAction
Ljava/util/regex/Pattern$CharPropertyNames$3
Ljava/util/regex/Pattern$Ctype
Ljava/util/Collections$UnmodifiableRandomAccessList
Ljava/util/Collections$UnmodifiableList
Ljava/util/Collections$UnmodifiableList$1
Ljava/util/regex/Pattern$End
Ljava/util/regex/Pattern$Ques
Ljava/util/NavigableMap
Ljava/util/SortedSet
Ljava/util/Collections$1
Ljava/math/BigInteger
Ljava/lang/ArithmeticException
Ljava/math/BitSieve
[Ljava/math/BigInteger
Ljava/math/MutableBigInteger
[[I
Ljava/util/TreeMap$EntrySet
Ljava/util/TreeMap$EntryIterator
Ljava/io/BufferedOutputStream
Ljava/io/BufferedInputStream
Ljava/util/TreeMap$BoundedDescendingKeyIterator
Ljava/util/TreeMap$BoundedDescendingMapIterator
Ljava/util/TreeMap$DescendingMapIterator
Ljava/util/MissingFormatArgumentException
Ljava/lang/ref/Reference$1
Ljava/lang/ProcessBuilder
Ljava/lang/ProcessEnvironment
Ljava/lang/Process
Ljava/lang/ProcessImpl
Lsun/misc/FpUtils
Ljava/util/concurrent/ConcurrentHashMap$Values
Ljava/util/concurrent/ConcurrentHashMap$ValueIterator
Ljava/util/prefs/FileSystemPreferences$12
Ljava/util/regex/Pattern$BmpCharProperty
Ljava/util/concurrent/locks/ReentrantReadWriteLock$FairSync
Ljava/util/concurrent/locks/ReentrantReadWriteLock$NonfairSync
Ljava/util/concurrent/locks/ReentrantReadWriteLock$WriteLock
Ljava/util/prefs/XmlSupport$Resolver
Lorg/xml/sax/InputSource
Ljava/io/StringReader
Lorg/xml/sax/SAXException
Ljava/util/regex/Pattern$NotBehindS
Ljava/util/Properties$LineReader
Ljava/util/Properties
Ljava/io/Reader
Ljava/util/Collections$CheckedMap$CheckedEntrySet$CheckedEntry
Lsun/misc/FloatingDecimal$1
Ljava/util/concurrent/atomic/AtomicInteger
Ljava/lang/ThreadLocal$ThreadLocalMap$Entry
Ljava/lang/ClassFormatError
Ljava/lang/Deprecated
Lsun/misc/FIFOQueueEnumerator
Lsun/misc/Queue
Lsun/misc/QueueElement
Ljava/util/zip/ZipFile
Ljava/util/zip/ZipFile$ZipFileInputStream
Ljava/util/zip/ZipFile$1
Ljava/util/zip/Inflater
Ljava/util/zip/ZipFile$2
Ljava/util/regex/Pattern$StartS
Ljava/util/regex/Pattern$Start
Ljava/lang/Integer$IntegerCache
[Ljava/lang/Integer
Ljava/util/concurrent/CopyOnWriteArrayList$COWIterator
Ljava/util/Collections$SynchronizedSortedSet
Ljava/util/Collections$SynchronizedSet
Ljava/util/Collections$SynchronizedCollection
Ljava/util/Collections$UnmodifiableMap$UnmodifiableEntrySet
Ljava/util/Collections$UnmodifiableMap$UnmodifiableEntrySet$1
Ljava/util/Collections$UnmodifiableMap$UnmodifiableEntrySet$UnmodifiableEntry
Ljava/lang/Shutdown$1
Ljava/util/prefs/FileSystemPreferences$3
Ljava/util/concurrent/Executors$1
Ljava/security/PrivilegedAction
Ljava/util/regex/Pattern$BitClass
Ljava/lang/ProcessEnvironment$ExternalData
Ljava/util/LinkedList$1
Ljava/util/concurrent/atomic/AtomicLongFieldUpdater$CASUpdater
Ljava/util/concurrent/atomic/AtomicLongFieldUpdater
Lsun/reflect/misc/ReflectUtil
Ljava/util/concurrent/atomic/AtomicLongFieldUpdater$LockedUpdater
Ljava/util/regex/Pattern$CharPropertyNames$2
Ljava/util/DuplicateFormatFlagsException
Ljava/util/zip/ZipOutputStream$XEntry
Ljava/util/ResourceBundle$CacheKey
Ljava/util/ResourceBundle$LoaderReference
Ljava/util/regex/Pattern$CharPropertyNames$7
Ljava/util/Formatter$Flags
Ljava/util/UnknownFormatFlagsException
Ljava/util/SubList$1
Ljava/util/ResourceBundle$CacheKeyReference
Ljava/util/concurrent/SynchronousQueue$TransferStack$SNode
Ljava/util/concurrent/atomic/AtomicReferenceFieldUpdater
Lerco/activations/tsp/TspSolver
Lerco/activations/tsp/Config
Lerco/activations/tsp/TourElement
Lxsched/Activation
Ljava/util/BitSet
Ljava/util/concurrent/locks/ReentrantLock$FairSync
Ljava/lang/ProcessEnvironment$StringKeySet
Ljava/lang/ProcessEnvironment$StringKeySet$1
Ljava/util/Formatter$BigDecimalLayoutForm
[Ljava/util/Formatter$BigDecimalLayoutForm
Ljava/util/zip/ZipError
Lsun/misc/FormattedFloatingDecimal$1
Ljava/util/EnumMap$Values
Ljava/util/EnumMap$ValueIterator
Ljava/util/concurrent/Executors$PrivilegedThreadFactory$1$1
Ljava/util/concurrent/Executors$PrivilegedThreadFactory$1
Ljava/util/concurrent/Executors$PrivilegedThreadFactory
Ljava/util/regex/Pattern$2
Ljava/lang/ClassLoader$2
Lsun/misc/Resource
Ljava/lang/ClassLoader$NativeLibrary
Ljava/lang/IllegalAccessError
Ljava/util/regex/Pattern$Behind
Ljava/util/jar/JarVerifier$4
[Ljava/math/RoundingMode
Ljava/util/EnumMap$EntrySet
Ljava/util/prefs/FileSystemPreferences$8
Ljava/util/EventObject
Ljava/util/prefs/NodeChangeEvent
Ljava/io/FilterOutputStream
Ljava/util/Formattable
Ljava/util/PriorityQueue$1
Ljava/lang/annotation/AnnotationFormatError
Ljava/util/concurrent/LinkedBlockingQueue$Node
Ljava/util/concurrent/LinkedBlockingQueue$Itr
Ljava/util/regex/Pattern$LazyLoop
Ljava/io/PushbackInputStream
Ljava/io/FilterInputStream
Ljava/util/regex/Pattern$5
Ljava/util/Collections$UnmodifiableSortedMap
Ljava/util/SortedMap
Ljava/util/Collections$UnmodifiableMap
Ljava/lang/ClassLoader$1
Ljava/util/concurrent/CopyOnWriteArrayList$COWSubList
Ljava/util/jar/Attributes
Ljava/util/jar/Attributes$Name
Ljava/io/DataOutputStream
Ljava/util/jar/Manifest
Ljava/util/jar/Manifest$FastInputStream
Ljava/util/Currency
Lsun/util/LocaleServiceProviderPool
Ljava/util/Currency$CurrencyNameGetter
Lsun/util/resources/LocaleData
Ljava/util/Currency$1
Ljava/util/AbstractList$1
Ljava/lang/StringCoding$StringDecoder
Ljava/nio/charset/Charset
Ljava/nio/charset/CharsetDecoder
Ljava/nio/charset/CodingErrorAction
Lsun/nio/cs/HistoricallyNamedCharset
Ljava/lang/StringCoding
Ljava/nio/ByteBuffer
Ljava/nio/CharBuffer
Ljava/nio/charset/CoderResult
Ljava/nio/charset/CharacterCodingException
Ljava/lang/StringCoding$1
Lsun/util/calendar/CalendarUtils
Lsun/util/calendar/BaseCalendar
Lsun/util/calendar/CalendarDate
Lsun/util/calendar/BaseCalendar$Date
Ljava/text/DateFormat
Lsun/util/calendar/CalendarSystem
Ljava/util/GregorianCalendar
Lsun/util/calendar/Era
Lsun/util/calendar/Gregorian
Lsun/misc/FileURLMapper
Lsun/net/www/ParseUtil
Ljava/util/concurrent/ThreadFactory
Ljava/util/PriorityQueue$Itr
Ljava/util/ArrayDeque
Ljava/util/ArrayDeque$DescendingIterator
Ljava/util/Arrays$ArrayList
Ljava/lang/ref/WeakReference
Ljava/lang/ref/Reference$Lock
Ljava/lang/ref/Reference$ReferenceHandler
Ljava/io/WriteAbortedException
Ljava/util/concurrent/Exchanger
Ljava/util/concurrent/Exchanger$Node
Ljava/util/concurrent/Exchanger$Slot
[Ljava/util/concurrent/Exchanger$Slot
Ljava/util/concurrent/RejectedExecutionHandler
Ljava/util/concurrent/atomic/AtomicMarkableReference
Ljava/util/concurrent/atomic/AtomicReference
Ljava/util/concurrent/atomic/AtomicMarkableReference$ReferenceBooleanPair
Ljava/util/concurrent/atomic/AtomicStampedReference$ReferenceIntegerPair
Ljava/util/concurrent/ThreadPoolExecutor$AbortPolicy
Ljava/util/concurrent/RejectedExecutionException
Ljava/util/concurrent/atomic/AtomicIntegerFieldUpdater
Ljava/util/concurrent/atomic/AtomicIntegerFieldUpdater$AtomicIntegerFieldUpdaterImpl
Ljava/io/Console
Ljava/io/IOError
Lsun/nio/cs/StreamEncoder
Ljava/io/Console$3
Ljava/io/Console$LineReader
Lsun/nio/cs/StreamDecoder
Ljava/io/Console$1
Ljava/io/Console$2
Ljava/util/concurrent/LinkedBlockingDeque$Itr
Ljava/util/concurrent/LinkedBlockingDeque
Ljava/util/concurrent/LinkedBlockingDeque$AbstractItr
Ljava/util/concurrent/LinkedBlockingDeque$Node
Ljava/util/concurrent/LinkedBlockingDeque$1
Ljava/util/IdentityHashMap$Values
Ljava/util/concurrent/ConcurrentSkipListMap$KeyIterator
Ljava/util/concurrent/ConcurrentSkipListMap$Iter
Ljava/util/logging/Filter
Ljava/util/TreeMap$NavigableSubMap$SubMapEntryIterator
Ljava/util/jar/JarVerifier$2
Ljava/util/jar/JarEntry
Ljava/io/ObjectInput
Ljava/io/DataInput
Ljava/util/concurrent/ExecutorService
Ljava/util/concurrent/ThreadPoolExecutor$DiscardPolicy
Ljava/io/Bits
Ljava/lang/StringValue
Ljava/lang/String$CaseInsensitiveComparator
Ljava/util/RandomAccess
Ljava/util/TreeMap$UnboundedKeyIterator
Ljava/util/TreeMap$UnboundedDescendingKeyIterator
Ljava/util/TreeMap$1
Ljava/util/TreeMap$AscendingSubMap
Ljava/util/TreeMap$2
Ljava/util/TreeMap$KeySet
Ljava/util/TreeMap$DescendingSubMap
[Ljava/security/ProtectionDomain
Ljava/lang/NoClassDefFoundError
Ljava/security/CodeSource
Lsun/misc/ClassFileTransformer
Ljava/security/cert/Certificate
[Ljava/security/cert/Certificate
[Ljava/util/Enumeration
Lsun/misc/CompoundEnumeration
Lsun/jkernel/DownloadManager
Lsun/misc/URLClassPath
Lsun/misc/Launcher
Ljava/security/PrivilegedActionException
[Ljava/lang/Package
Ljava/lang/UnsatisfiedLinkError
Ljava/lang/ClassLoader$3
Ljava/util/IdentityHashMap$EntrySet
Ljava/util/IdentityHashMap$EntryIterator
Ljava/util/AbstractMap$SimpleEntry
Ljava/util/regex/Pattern$CharPropertyNames$13
Ljava/util/HashMap$HashIterator
Ljava/io/PipedReader
Ljava/io/PipedWriter
Ljava/util/XMLUtils$1
Ljava/util/logging/FileHandler
Ljava/util/logging/FileHandler$MeteredStream
Ljava/util/logging/XMLFormatter
Ljava/util/logging/StreamHandler
Ljava/nio/channels/FileLock
[Ljava/io/File
Ljava/io/UnsupportedEncodingException
Ljava/nio/charset/IllegalCharsetNameException
Ljava/io/ExpiringCache
Ljava/io/ExpiringCache$1
Ljava/io/ExpiringCache$Entry
Ljava/io/CharConversionException
[Ljava/lang/ThreadGroup
Ljava/io/DataOutput
Ljava/util/Calendar$CalendarAccessControlContext
Ljava/security/PermissionCollection
Ljava/util/ResourceBundle$SingleFormatControl
Ljava/util/ResourceBundle$Control
Ljava/util/ResourceBundle$NoFallbackControl
Ljava/util/ResourceBundle$Control$1
Ljava/util/PropertyResourceBundle
Ljava/net/URLConnection
Ljava/net/JarURLConnection
Ljava/util/logging/LoggingMXBean
Ljava/util/regex/Pattern$All
Ljava/util/AbstractMap$2$1
Ljava/util/logging/LogManager$5
Ljava/util/concurrent/FutureTask$Sync
Ljava/util/concurrent/Executors
Ljava/util/Collections$CheckedList
Ljava/util/Collections$CheckedList$1
Ljava/util/concurrent/Executors$FinalizableDelegatedExecutorService
Ljava/util/concurrent/Executors$DelegatedExecutorService
Ljava/util/concurrent/ExecutionException
Ljava/util/concurrent/CancellationException
Ljava/util/CurrencyData
Ljava/util/LinkedHashMap$LinkedHashIterator
Ljava/util/LinkedHashMap$1
Ljava/util/regex/Pattern$Bound
Ljava/lang/ProcessEnvironment$StringEntrySet
Ljava/lang/ProcessEnvironment$StringEntrySet$1
Ljava/lang/ProcessEnvironment$StringEntrySet$2
Ljava/util/jar/JavaUtilJarAccessImpl
[Ljava/security/CodeSource
Ljava/lang/instrument/ClassFileTransformer
Ljava/util/concurrent/ConcurrentHashMap$WriteThroughEntry
Ljava/util/regex/Pattern$GroupTail
Ljava/util/WeakHashMap$1
Ljava/io/FileWriter
Ljava/nio/charset/CharsetEncoder
Ljava/util/TreeMap$BoundedDescendingEntryIterator
Ljava/io/DeleteOnExitHook
Ljava/util/LinkedHashSet
Ljava/io/DeleteOnExitHook$1
Ljava/util/concurrent/ConcurrentSkipListMap$SubMap$SubMapKeyIterator
Ljava/util/regex/Pattern$BnMS
Ljava/util/regex/Pattern$Slice
Ljava/text/Normalizer$Form
Ljava/text/Normalizer
Ljava/util/regex/PatternSyntaxException
Ljava/util/regex/Pattern$GroupHead
[Ljava/util/regex/Pattern$GroupHead
Ljava/util/regex/Pattern$Prolog
Ljava/util/regex/Pattern$GroupCurly
Ljava/util/regex/Pattern$BranchConn
Ljava/util/regex/Pattern$Branch
Ljava/util/regex/Pattern$UnixCaret
Ljava/util/regex/Pattern$Begin
Ljava/util/regex/Pattern$Dollar
Ljava/util/regex/Pattern$Dot
Ljava/util/regex/Pattern$BackRef
Ljava/util/regex/Pattern$LastMatch
Ljava/lang/Character$UnicodeBlock
Ljava/util/regex/Pattern$CharPropertyNames
Ljava/util/regex/Pattern$Neg
Ljava/util/regex/Pattern$BehindS
Ljava/util/regex/Pattern$SingleI
Ljava/util/regex/Pattern$Single
Ljava/util/regex/Pattern$SliceU
Ljava/util/regex/Pattern$SliceI
Ljava/util/regex/Pattern$3
Ljava/util/regex/Pattern$4
Ljava/util/regex/Pattern$6
Ljava/util/regex/Pattern$7
Ljava/util/regex/Pattern$8
Ljava/util/regex/Pattern$LastNode
Ljava/lang/reflect/InvocationHandler
Ljava/io/FilterReader
Ljava/util/concurrent/CyclicBarrier$1
Ljava/util/concurrent/ArrayBlockingQueue
Ljava/util/concurrent/ArrayBlockingQueue$Itr
Ljava/util/Locale$LocaleNameGetter
Ljava/util/spi/LocaleNameProvider
Ljava/util/logging/LogManager$LogNode
Ljava/util/jar/JarVerifier$VerifierStream
Lsun/security/util/ManifestEntryVerifier
Ljava/math/BigDecimal$LongOverflow
Ljava/math/BigDecimal
Ljava/util/zip/InflaterOutputStream
Ljava/util/zip/DataFormatException
Ljava/io/ObjectStreamClass$EntryFuture
Ljava/io/ObjectStreamClass$EntryFuture$1
Ljava/io/ObjectStreamClass$1
Ljava/io/ObjectStreamClass$MemberSignature
Ljava/util/Formatter$FormatSpecifier$BigDecimalLayout
Ljava/util/Formatter$FormatSpecifier
Ljava/util/Formatter$DateTime
Ljava/lang/NegativeArraySizeException
Ljava/io/ObjectStreamClass$Caches
Ljava/lang/reflect/Proxy
Ljava/io/ObjectStreamClass$FieldReflector
Ljava/io/ByteArrayOutputStream
[Ljava/io/ObjectStreamClass$MemberSignature
Ljava/io/ObjectStreamClass$3
Ljava/io/ObjectStreamClass$4
Ljava/io/ObjectStreamClass$5
Ljava/security/MessageDigest
Ljava/security/NoSuchAlgorithmException
Ljava/io/ObjectStreamClass$FieldReflectorKey
Ljava/util/zip/Adler32
[Ljava/lang/Character
Ljava/lang/CharacterDataLatin1
Ljava/lang/CharacterData01
Ljava/lang/CharacterData02
Ljava/lang/CharacterDataPrivateUse
Ljava/util/concurrent/Semaphore
Ljava/util/concurrent/Semaphore$FairSync
Ljava/io/Serializable
Ljava/util/Collections$CheckedSet
Ljava/util/TreeMap$NavigableSubMap$DescendingSubMapKeyIterator
Ljava/util/Collections$SelfComparable
Lsun/misc/FDBigInt
Ljava/lang/management/MemoryType
[Ljava/lang/management/MemoryType
Ljava/util/concurrent/ScheduledExecutorService
Ljava/util/concurrent/RunnableScheduledFuture
Ljava/util/spi/CurrencyNameProvider
Ljava/util/spi/LocaleServiceProvider
Ljava/lang/management/LockInfo
Ljava/lang/management/ManagementFactory$1
Ljava/lang/annotation/RetentionPolicy
[Ljava/lang/annotation/RetentionPolicy
Ljava/util/ServiceLoader$1
Ljava/util/ServiceLoader
Ljava/util/ServiceLoader$LazyIterator
Ljava/util/Collections$SynchronizedRandomAccessList
Ljava/util/Collections$SynchronizedList
Ljava/util/Formatter$Conversion
Ljava/util/UnknownFormatConversionException
Ljava/lang/Appendable
Ljava/lang/Byte
Ljava/lang/Short
Ljava/util/IllegalFormatCodePointException
Ljava/util/MissingFormatWidthException
[Ljava/util/Formatter$Flags
Ljava/util/IllegalFormatFlagsException
Lsun/misc/FormattedFloatingDecimal
Ljava/text/DateFormatSymbols
Ljava/util/FormatFlagsConversionMismatchException
Ljava/util/IllegalFormatConversionException
Ljava/text/DecimalFormatSymbols
Ljava/text/NumberFormat
Ljava/text/DecimalFormat
Ljava/nio/charset/UnsupportedCharsetException
Lsun/misc/MessageUtils
Ljava/lang/StringCoding$StringEncoder
Ljava/util/concurrent/ConcurrentHashMap$EntrySet
Ljava/util/concurrent/ConcurrentHashMap$EntryIterator
[Ljava/util/Locale
Lsun/util/resources/OpenListResourceBundle
Ljava/lang/Override
Ljava/io/SyncFailedException
Lsun/reflect/generics/scope/MethodScope
Ljava/lang/reflect/AccessibleObject
[[Ljava/lang/annotation/Annotation
[Ljava/lang/reflect/AccessibleObject
Ljava/lang/reflect/ReflectPermission
Lsun/reflect/generics/scope/ConstructorScope
Ljava/util/zip/ZipInputStream
Ljava/util/zip/InflaterInputStream
Ljava/util/zip/CRC32
Ljava/io/EOFException
Ljava/util/spi/TimeZoneNameProvider
Ljava/util/regex/Pattern$CharPropertyNames$11
[Ljava/util/logging/Handler
Ljava/lang/InstantiationError
Ljava/util/TreeMap$UnboundedEntryIterator
Ljava/util/ResourceBundle$RBClassLoader
Ljava/util/ResourceBundle$BundleReference
Ljava/util/ResourceBundle$1
Ljava/util/Collections$CheckedSortedMap
Ljava/util/Collections$CheckedMap
Ljava/util/Collections$CheckedMap$CheckedEntrySet
Ljava/lang/TypeNotPresentException
Ljava/lang/Package$1
Ljava/net/MalformedURLException
Ljava/lang/ref/FinalReference
Ljava/io/StreamTokenizer
Ljava/io/ObjectInputStream$HandleTable
Ljava/io/ObjectInputStream$HandleTable$HandleList
[Ljava/io/ObjectInputStream$HandleTable$HandleList
Ljava/util/TreeMap$BoundedKeyIterator
Ljava/util/TreeMap$NavigableSubMap$EntrySetView
Ljava/util/TreeMap$AscendingSubMap$AscendingEntrySetView
Ljava/lang/management/ThreadInfo
Ljava/lang/management/MonitorInfo
[Ljava/lang/management/MonitorInfo
[Ljava/lang/management/LockInfo
Lsun/management/ManagementFactory
Ljavax/management/openmbean/CompositeData
Lsun/management/ThreadInfoCompositeData
Ljava/util/Dictionary
Ljava/util/Hashtable$Enumerator
Ljava/util/Hashtable$ValueCollection
Ljava/util/Hashtable$EmptyEnumerator
Ljava/util/Hashtable$EmptyIterator
Ljava/lang/StackOverflowError
Lsun/reflect/generics/repository/FieldRepository
Lsun/reflect/FieldAccessor
[Lsun/misc/FDBigInt
Ljava/lang/instrument/Instrumentation
[Ljava/lang/instrument/ClassDefinition
Ljava/util/ListResourceBundle
Lsun/util/ResourceBundleEnumeration
[[Ljava/lang/Object
Ljava/util/TreeMap$NavigableSubMap$DescendingSubMapEntryIterator
Ljava/lang/reflect/GenericDeclaration
Ljava/util/AbstractSequentialList
Ljava/io/CharArrayWriter
[Ljava/lang/Short
Ljava/lang/Compiler$1
Ljava/lang/Compiler
Ljava/util/Scanner
Lsun/misc/LRUCache
Ljava/lang/Readable
Ljava/util/Scanner$1
Ljava/nio/Buffer
Ljava/io/InputStreamReader
Ljava/nio/channels/ReadableByteChannel
Ljava/nio/channels/Channels
Ljava/util/InputMismatchException
Ljava/io/Closeable
Ljava/util/regex/MatchResult
Ljava/io/ObjectOutputStream$Caches
Ljava/util/ArrayDeque$DeqIterator
Ljava/util/concurrent/PriorityBlockingQueue
Ljava/util/concurrent/PriorityBlockingQueue$Itr
Ljava/lang/Shutdown$Lock
Ljava/lang/ref/Finalizer$2
Ljava/io/ObjectInputStream$BlockDataInputStream
Ljava/io/ObjectInputStream$PeekInputStream
Ljava/io/DataInputStream
Ljava/io/UTFDataFormatException
Ljava/util/regex/Pattern$CharPropertyNames$1
Ljava/util/regex/Pattern$CharPropertyNames$5
Ljava/util/regex/Pattern$CharPropertyNames$8
Ljava/util/regex/Pattern$CharPropertyNames$9
Ljava/util/regex/Pattern$CharPropertyNames$10
Ljava/util/regex/Pattern$CharPropertyNames$12
Ljava/util/regex/Pattern$CharPropertyNames$14
Ljava/util/regex/Pattern$CharPropertyNames$15
Ljava/util/regex/Pattern$CharPropertyNames$16
Ljava/util/regex/Pattern$CharPropertyNames$17
Ljava/util/regex/Pattern$CharPropertyNames$19
Ljava/util/regex/Pattern$CharPropertyNames$20
Ljava/util/regex/Pattern$CharPropertyNames$21
Ljava/lang/System$2
Ljava/lang/Shutdown
Ljava/util/prefs/FileSystemPreferences$2
Ljava/util/HashMap$1
Ljava/util/concurrent/ConcurrentSkipListMap$ComparableUsingComparator
Ljava/util/jar/JarFile$JarFileEntry
Ljava/util/zip/ZipOutputStream
Ljava/util/concurrent/Executors$DelegatedScheduledExecutorService
Ljava/util/concurrent/ScheduledThreadPoolExecutor
Ljava/util/concurrent/Executors$DefaultThreadFactory
Ljava/util/concurrent/Executors$RunnableAdapter
Ljava/security/PrivilegedExceptionAction
Ljava/util/concurrent/Executors$2
Ljava/util/concurrent/Executors$PrivilegedCallableUsingCurrentClassLoader
Ljava/util/LinkedList$DescendingIterator
Ljava/util/LinkedList$ListItr
Ljava/util/AbstractMap$1$1
Ljava/util/prefs/InvalidPreferencesFormatException
Ljava/lang/Terminator$1
Lsun/misc/Signal
Ljava/util/prefs/FileSystemPreferences$10
Ljava/util/concurrent/Exchanger$1
Ljava/util/concurrent/ConcurrentLinkedQueue$Itr
Ljava/util/concurrent/ConcurrentLinkedQueue
Ljava/util/concurrent/ConcurrentLinkedQueue$Node
Ljava/util/Collections$ReverseComparator2
Ljava/util/TreeMap$KeyIterator
Ljava/lang/Long$LongCache
[Ljava/lang/Long
Ljava/io/CharArrayReader
Ljava/lang/Character$Subset
Ljava/lang/annotation/AnnotationTypeMismatchException
Ljava/util/Collections$CheckedMap$CheckedEntrySet$1
Ljava/io/FilePermission$1
Ljava/io/FilePermission
Lsun/security/provider/PolicyFile
Ljava/util/LinkedList$Entry
Ljava/util/concurrent/ScheduledThreadPoolExecutor$ScheduledFutureTask
Ljava/util/FormatterClosedException
Ljava/util/concurrent/atomic/AtomicStampedReference
Lsun/misc/Cleaner
Ljava/util/zip/ZStreamRef
Ljava/util/zip/GZIPInputStream
Ljava/util/zip/CheckedInputStream
Ljava/util/TreeMap$Values
Ljava/util/TimerThread
Ljava/util/TaskQueue
Ljava/util/concurrent/ScheduledThreadPoolExecutor$DelayedWorkQueue
Ljava/util/concurrent/ThreadPoolExecutor$Worker
Ljava/lang/reflect/AnnotatedElement
Ljava/util/Collections$SingletonList
Ljava/util/zip/Deflater
Ljava/util/zip/DeflaterOutputStream
Ljava/io/BufferedReader
Ljava/util/WeakHashMap$Values
Ljava/util/WeakHashMap
Ljava/util/WeakHashMap$ValueIterator
Ljava/util/regex/Pattern$Conditional
Ljava/util/concurrent/ConcurrentHashMap$KeySet
Ljava/util/concurrent/ConcurrentHashMap$KeyIterator
Ljava/io/RandomAccessFile
Ljava/util/concurrent/LinkedBlockingDeque$DescendingItr
Ljava/util/XMLUtils$EH
Ljava/util/Observable
Ljava/util/Observer
Ljava/lang/management/RuntimeMXBean
Ljava/io/ObjectInputStream$GetFieldImpl
Ljava/io/PipedInputStream
Ljava/io/PipedOutputStream
Ljava/lang/reflect/UndeclaredThrowableException
Ljava/io/UnixFileSystem
Lsun/management/MonitorInfoCompositeData
Ljava/util/SimpleTimeZone
Ljava/lang/Byte$ByteCache
[Ljava/lang/Byte
Ljava/lang/annotation/Target
[Ljava/lang/ThreadLocal$ThreadLocalMap$Entry
Ljava/lang/ThreadLocal$1
Ljava/util/jar/JarFile$1
Lsun/security/util/Debug
Ljava/util/jar/JarFile$3
Ljava/lang/Terminator
Lsun/misc/SignalHandler
Ljava/util/concurrent/atomic/AtomicBoolean
Ljava/util/TreeMap$BoundedDescendingValueIterator
Ljava/io/Flushable
Ljava/util/Formatter$FormatString
[Ljava/util/Formatter$FormatString
Ljava/util/Formatter$FixedString
Ljava/lang/reflect/GenericSignatureFormatError
Ljava/util/prefs/MacOSXPreferencesFile$FlushTask
Ljava/util/prefs/MacOSXPreferencesFile
Ljava/util/prefs/MacOSXPreferencesFile$1
Ljava/util/concurrent/atomic/AtomicReferenceFieldUpdater$AtomicReferenceFieldUpdaterImpl
Ljava/lang/management/GarbageCollectorMXBean
Ljava/lang/management/MemoryManagerMXBean
Ljava/util/zip/DeflaterInputStream
Ljava/math/BigDecimal$StringBuilderHelper
Ljava/util/concurrent/Executors$PrivilegedCallableUsingCurrentClassLoader$1
[[B
Ljava/io/PushbackReader
Ljava/applet/AppletStub
Ljava/util/logging/SocketHandler
Ljava/net/Socket
Ljava/lang/ref/PhantomReference
Ljava/util/EnumMap$EntryIterator
Ljava/util/zip/GZIPOutputStream
Ljava/lang/ref/Finalizer$1
Ljava/util/concurrent/ConcurrentSkipListMap$Values
Ljava/util/concurrent/ConcurrentSkipListMap$EntrySet
Ljava/util/concurrent/ConcurrentSkipListMap$SubMap$SubMapEntryIterator
Ljava/util/FormattableFlags
Ljava/util/logging/LogManager$2
Ljava/io/OptionalDataException
Ljava/util/logging/LogManager$Cleaner
Ljava/util/jar/Pack200
Ljava/util/jar/Pack200$Unpacker
Ljava/lang/management/ClassLoadingMXBean
Ljava/util/zip/Checksum
Ljava/util/Collections$EmptyMap
Ljava/lang/System$1
Ljava/util/jar/JarOutputStream
Ljava/util/concurrent/ConcurrentSkipListMap$Index
Ljava/lang/SecurityManager$2
Ljava/security/Security
Lsun/util/calendar/Gregorian$Date
Lsun/util/calendar/JulianCalendar
Lsun/util/calendar/JulianCalendar$Date
[Lsun/util/calendar/Era
Lsun/util/BuddhistCalendar
Ljava/util/JapaneseImperialCalendar
Ljava/lang/reflect/ParameterizedType
Ljava/util/EventListenerProxy
Ljava/util/EventListener
Ljava/util/TreeMap$UnboundedValueIterator
Ljava/lang/ExceptionInInitializerError
Lsun/misc/ASCIICaseInsensitiveComparator
Lerco/activations/tsp/Tsp
Ljava/io/FileReader
Lerco/activations/tsp/Tsp$Result
Ljava/util/prefs/FileSystemPreferences$9
Ljava/lang/Character$CharacterCache
Ljava/util/WeakHashMap$KeyIterator
Ljava/util/WeakHashMap$HashIterator
Ljava/util/WeakHashMap$Entry
[Ljava/util/WeakHashMap$Entry
Ljava/util/concurrent/locks/AbstractQueuedLongSynchronizer$ConditionObject
Ljava/util/concurrent/locks/AbstractQueuedLongSynchronizer
Ljava/util/ResourceBundle$RBClassLoader$1
Ljava/lang/Short$ShortCache
Ljava/lang/Package$1PackageInfoProxy
Ljava/util/concurrent/locks/Lock
Ljava/util/logging/LogManager$3
Ljava/util/Collections$ReverseComparator
Ljava/util/TreeMap$BoundedValueIterator
Ljava/net/SocketPermission
Ljava/net/InetAddress
Ljava/awt/AWTPermission
Ljava/lang/SecurityManager$1
Ljava/security/SecurityPermission
Ljava/io/StringBufferInputStream
Ljava/util/TreeMap$DescendingKeyIterator
Ljava/util/concurrent/ScheduledThreadPoolExecutor$DelayedWorkQueue$1
Ljava/util/concurrent/ScheduledThreadPoolExecutor$1
Ljava/util/Collections$CheckedSortedSet
[Ljava/lang/Runnable
Ljava/util/InvalidPropertiesFormatException
Ljava/util/concurrent/ConcurrentSkipListMap$EntryIterator
Ljava/lang/management/ThreadInfo$1
Ljava/lang/StringValue$StringProfile
Ljava/lang/StringValue$1
Ljava/io/ObjectInputStream$1
Ljava/util/concurrent/atomic/AtomicIntegerArray
Ljava/util/IdentityHashMap$KeySet
Ljava/util/WeakHashMap$KeySet
Ljava/lang/ProcessEnvironment$StringEnvironment
Ljava/lang/annotation/ElementType
[Ljava/lang/annotation/ElementType
Ljava/util/Collections$EmptyList
Ljava/util/regex/Pattern$Category
Ljava/util/TreeMap$DescendingSubMap$DescendingEntrySetView
Ljava/util/TreeMap$UnboundedDescendingEntryIterator
Ljava/util/zip/ZipConstants
Lsun/misc/FloatConsts
Ljava/util/prefs/MacOSXPreferencesFile$SyncTask
Ljava/util/concurrent/SynchronousQueue$TransferQueue$QNode
Lsun/misc/JavaIOAccess
Ljava/nio/channels/spi/SelectorProvider
Ljava/nio/channels/Channel
Lsun/misc/Version
Ljava/util/XMLUtils$Resolver
Ljava/lang/ref/Finalizer$3
Ljava/util/Collections$CopiesList
Ljava/beans/PropertyChangeSupport
Ljava/util/logging/LoggingPermission
Ljava/util/logging/Logging
Ljava/util/Collections$UnmodifiableSortedSet
Ljava/util/Collections$SynchronizedMap
Ljava/util/Collections$SynchronizedSortedMap
Ljava/util/Collections$CheckedRandomAccessList
Ljava/util/concurrent/ConcurrentSkipListMap$ValueIterator
Ljava/net/URI
Ljava/net/URISyntaxException
Ljava/io/FilenameFilter
Ljava/io/FileFilter
Ljava/security/AccessControlException
Ljava/util/logging/ConsoleHandler
Ljava/util/Timer$1
Ljava/lang/UnsupportedClassVersionError
Ljava/util/prefs/FileSystemPreferences$7
Ljava/math/BigDecimal$1
Ljava/lang/UnknownError
[Ljava/util/regex/Pattern$Node
Ljava/util/XMLUtils
Lorg/w3c/dom/Document
Lorg/w3c/dom/NodeList
Lorg/w3c/dom/Node
Lorg/w3c/dom/Element
Ljavax/xml/parsers/DocumentBuilderFactory
Ljavax/xml/parsers/DocumentBuilder
Ljavax/xml/parsers/ParserConfigurationException
Lorg/w3c/dom/Text
Ljavax/xml/transform/TransformerFactory
Ljavax/xml/transform/Transformer
Ljavax/xml/transform/dom/DOMSource
Ljavax/xml/transform/stream/StreamResult
Ljavax/xml/transform/TransformerConfigurationException
Ljavax/xml/transform/TransformerException
Ljava/util/LocaleISOData
Ljava/lang/management/ManagementFactory
Ljava/lang/management/ThreadMXBean
Ljava/lang/management/OperatingSystemMXBean
Ljavax/management/MBeanServerPermission
Ljavax/management/MBeanServer
Ljavax/management/MBeanServerConnection
Ljavax/management/ObjectName
Ljavax/management/JMX
Ljavax/management/InstanceNotFoundException
Ljavax/management/MalformedObjectNameException
Ljava/util/UUID
Ljava/util/prefs/MacOSXPreferences
Ljava/lang/VerifyError
Ljava/util/prefs/MacOSXPreferencesFile$2
Ljava/lang/reflect/MalformedParameterizedTypeException
Ljava/util/prefs/FileSystemPreferences$Put
Ljava/io/LineNumberReader
Ljava/util/concurrent/BlockingDeque
Ljava/util/prefs/MacOSXPreferencesFactory
Ljava/io/LineNumberInputStream
Ljava/util/concurrent/locks/ReadWriteLock
Ljava/util/concurrent/ConcurrentSkipListMap$HeadIndex
Ljava/lang/management/MemoryNotificationInfo
Ljava/lang/management/MemoryUsage
Lsun/management/MemoryNotifInfoCompositeData
Ljava/util/WeakHashMap$EntryIterator
Ljava/util/prefs/FileSystemPreferences$11
[Ljava/math/BigDecimal
Ljava/lang/annotation/Retention
Ljava/util/WeakHashMap$EntrySet
Ljava/util/logging/MemoryHandler
[Ljava/util/logging/LogRecord
Ljava/lang/annotation/Documented
Ljava/util/IdentityHashMap$KeyIterator
Ljava/util/prefs/FileSystemPreferences$6
Ljava/util/prefs/FileSystemPreferences$Remove
Ljava/util/prefs/FileSystemPreferences$4
Lsun/security/util/SignatureFileVerifier
Lsun/security/util/ManifestDigester
Lsun/security/pkcs/ParsingException
Ljava/security/SignatureException
Ljava/security/cert/CertificateException
Ljava/security/cert/CertPath
Ljava/util/jar/JarVerifier$VerifierCodeSource
Ljava/util/concurrent/CompletionService
Ljava/util/concurrent/ThreadPoolExecutor$DiscardOldestPolicy
Ljava/io/FilterWriter
Ljava/lang/StringValue$StringCache
Ljava/lang/SuppressWarnings
Ljava/util/TreeMap$SubMap
Ljava/math/SignedMutableBigInteger
Ljava/util/prefs/FileSystemPreferencesFactory
Lsun/management/MemoryUsageCompositeData
[Ljava/util/TimerTask
Ljava/lang/Cloneable
Lsun/misc/ProxyGenerator
[Ljava/util/concurrent/ConcurrentSkipListMap$Index
Ljava/lang/String$1
Ljava/io/FileNotFoundException
Lsun/util/calendar/LocalGregorianCalendar
Lsun/util/calendar/LocalGregorianCalendar$Date
Ljava/io/ObjectInputStream$Caches
Ljava/util/zip/CheckedOutputStream
[Ljava/util/prefs/Preferences
Lorg/w3c/dom/DOMImplementation
Lorg/w3c/dom/DocumentType
[Ljava/lang/Character$UnicodeBlock
Ljava/util/regex/Pattern$GroupRef
Ljava/util/concurrent/atomic/AtomicReferenceArray
